MPLINK 4.00, Linker
Linker Map File - Created Sat Aug 17 19:01:58 2013

                                 Section Info
                  Section       Type    Address   Location Size(Bytes)
                ---------  ---------  ---------  ---------  ---------
               _entry_scn       code   0x000000    program   0x000006
                   .cinit    romdata   0x00002a    program   0x000002
          .code_CO_SDO1.o       code   0x00002c    program   0x000606
          .code_CO_dict.o       code   0x000632    program   0x00040a
          .code_DemoObj.o       code   0x000a3c    program   0x0003e4
          .code_CO_NMTE.o       code   0x000e20    program   0x000396
        .code_CO_CANDRV.o       code   0x0011b6    program   0x00035a
         .code_CO_MEMIO.o       code   0x001510    program   0x0002a8
       .romdata_CO_dict.o    romdata   0x0017b8    program   0x000264
          .code_CO_COMM.o       code   0x001a1c    program   0x0001fa
         .code_CO_TOOLS.o       code   0x001c16    program   0x0000e0
          .code_CO_SYNC.o       code   0x001cf6    program   0x0000d8
           .code_CO_PDO.o       code   0x001dce    program   0x0000b0
               _cinit_scn       code   0x001e7e    program   0x00009e
           .code_CO_NMT.o       code   0x001f1c    program   0x00008a
             .code_main.o       code   0x001fa6    program   0x00004c
                     PROG       code   0x001ff2    program   0x00003c
        .romdata_CO_DEV.o    romdata   0x00202e    program   0x000038
            .code_Timer.o       code   0x002066    program   0x000022
             _startup_scn       code   0x002088    program   0x000018
          .code_CO_MAIN.o       code   0x0020a0    program   0x000010
       .romdata_DemoObj.o    romdata   0x0020b0    program   0x00000f
       .romdata_CO_SDO1.o    romdata   0x0020bf    program   0x000001
           .code_exttst.o       code   0x0020c0    program   0x00000c
      .romdata_CO_MEMIO.o    romdata   0x0020cc    program   0x000000
       .idata_DemoObj.o_i    romdata   0x0020cc    program   0x000000
     .romdata_CO_CANDRV.o    romdata   0x0020cc    program   0x000000
      .idata_CO_MEMIO.o_i    romdata   0x0020cc    program   0x000000
         .idata_Timer.o_i    romdata   0x0020cc    program   0x000000
     .idata_CO_CANDRV.o_i    romdata   0x0020cc    program   0x000000
         .romdata_Timer.o    romdata   0x0020cc    program   0x000000
          .idata_main.o_i    romdata   0x0020cc    program   0x000000
       .romdata_CO_MAIN.o    romdata   0x0020cc    program   0x000000
       .idata_CO_MAIN.o_i    romdata   0x0020cc    program   0x000000
          .romdata_main.o    romdata   0x0020cc    program   0x000000
         .idata_c018i.o_i    romdata   0x0020cc    program   0x000000
         .romdata_c018i.o    romdata   0x0020cc    program   0x000000
            .code_c018i.o       code   0x0020cc    program   0x000000
       .idata_CO_dict.o_i    romdata   0x0020cc    program   0x000000
        .idata_exttst.o_i    romdata   0x0020cc    program   0x000000
        .romdata_exttst.o    romdata   0x0020cc    program   0x000000
        .idata_CO_DEV.o_i    romdata   0x0020cc    program   0x000000
           .code_CO_DEV.o       code   0x0020cc    program   0x000000
             .stringtable    romdata   0x0020cc    program   0x000000
        .idata_CO_NMT.o_i    romdata   0x0020cc    program   0x000000
        .romdata_CO_NMT.o    romdata   0x0020cc    program   0x000000
       .idata_CO_NMTE.o_i    romdata   0x0020cc    program   0x000000
       .romdata_CO_NMTE.o    romdata   0x0020cc    program   0x000000
       .idata_CO_SYNC.o_i    romdata   0x0020cc    program   0x000000
       .romdata_CO_SYNC.o    romdata   0x0020cc    program   0x000000
       .idata_CO_SDO1.o_i    romdata   0x0020cc    program   0x000000
       .idata_CO_COMM.o_i    romdata   0x0020cc    program   0x000000
       .romdata_CO_COMM.o    romdata   0x0020cc    program   0x000000
        .idata_CO_PDO.o_i    romdata   0x0020cc    program   0x000000
        .romdata_CO_PDO.o    romdata   0x0020cc    program   0x000000
      .idata_CO_TOOLS.o_i    romdata   0x0020cc    program   0x000000
      .romdata_CO_TOOLS.o    romdata   0x0020cc    program   0x000000
                MATH_DATA      udata   0x000000       data   0x000014
                 .tmpdata      udata   0x000014       data   0x000010
         .udata_CO_SDO1.o      udata   0x000060       data   0x00003a
       .udata_CO_CANDRV.o      udata   0x00009a       data   0x000036
            .udata_main.o      udata   0x0000d0       data   0x000025
           .udata_c018i.o      udata   0x0000f5       data   0x00000a
           .udata_Timer.o      udata   0x0000ff       data   0x000001
                   .stack      udata   0x000b00       data   0x000100
         .udata_DemoObj.o      udata   0x000c00       data   0x00001e
          .udata_CO_PDO.o      udata   0x000c1e       data   0x00000f
         .udata_CO_NMTE.o      udata   0x000c2d       data   0x00000f
         .udata_CO_dict.o      udata   0x000c3c       data   0x00000e
         .udata_CO_COMM.o      udata   0x000c4a       data   0x00000d
        .udata_CO_MEMIO.o      udata   0x000c57       data   0x00000c
        .udata_CO_TOOLS.o      udata   0x000c63       data   0x000008
         .udata_CO_SYNC.o      udata   0x000c6b       data   0x000005
          .udata_CO_DEV.o      udata   0x000c70       data   0x000005
          .udata_CO_NMT.o      udata   0x000c75       data   0x000001
           .idata_c018i.o      idata   0x000c76       data   0x000000
        .idata_CO_MEMIO.o      idata   0x000c76       data   0x000000
          .idata_CO_DEV.o      idata   0x000c76       data   0x000000
            .idata_main.o      idata   0x000c76       data   0x000000
           .idata_Timer.o      idata   0x000c76       data   0x000000
         .idata_CO_dict.o      idata   0x000c76       data   0x000000
         .idata_DemoObj.o      idata   0x000c76       data   0x000000
          .idata_CO_NMT.o      idata   0x000c76       data   0x000000
         .idata_CO_SYNC.o      idata   0x000c76       data   0x000000
          .idata_exttst.o      idata   0x000c76       data   0x000000
         .idata_CO_SDO1.o      idata   0x000c76       data   0x000000
         .idata_CO_COMM.o      idata   0x000c76       data   0x000000
         .idata_CO_NMTE.o      idata   0x000c76       data   0x000000
       .idata_CO_CANDRV.o      idata   0x000c76       data   0x000000
          .udata_exttst.o      udata   0x000c76       data   0x000000
         .idata_CO_MAIN.o      idata   0x000c76       data   0x000000
          .idata_CO_PDO.o      idata   0x000c76       data   0x000000
         .udata_CO_MAIN.o      udata   0x000c76       data   0x000000
        .idata_CO_TOOLS.o      idata   0x000c76       data   0x000000
              SFR_BANKED0      udata   0x000d60       data   0x00000c
              SFR_BANKED1      udata   0x000d70       data   0x00000c
              SFR_BANKED2      udata   0x000d80       data   0x00000c
              SFR_BANKED3      udata   0x000d90       data   0x000004
              SFR_BANKED4      udata   0x000dd4       data   0x000002
              SFR_BANKED5      udata   0x000dd8       data   0x000001
              SFR_BANKED6      udata   0x000de0       data   0x000008
              SFR_BANKED7      udata   0x000df0       data   0x000004
              SFR_BANKED8      udata   0x000df8       data   0x000001
              SFR_BANKED9      udata   0x000dfa       data   0x000001
             SFR_BANKED10      udata   0x000dfc       data   0x000001
             SFR_BANKED11      udata   0x000e20       data   0x00000e
             SFR_BANKED12      udata   0x000e30       data   0x00000e
             SFR_BANKED13      udata   0x000e40       data   0x00000e
             SFR_BANKED14      udata   0x000e50       data   0x00000e
             SFR_BANKED15      udata   0x000e60       data   0x00000e
             SFR_BANKED16      udata   0x000e70       data   0x00000e
             SFR_BANKED17      udata   0x000f00       data   0x00002e
             SFR_BANKED18      udata   0x000f30       data   0x00000e
             SFR_BANKED19      udata   0x000f40       data   0x00000e
             SFR_BANKED20      udata   0x000f50       data   0x00000e
            SFR_UNBANKED0      udata   0x000f60       data   0x0000a0



                              Program Memory Usage 
                               Start         End      
                           ---------   ---------      
                            0x000000    0x000005      
                            0x00002a    0x0020cb      
            8360 out of 66584 program addresses used, program memory utilization is 12%



                              Symbols - Sorted by Name
                     Name    Address   Location    Storage File                     
                ---------  ---------  ---------  --------- ---------                
         CO_COMMSyncEvent   0x000afc    program     extern C:\Users\shuixiu\Downloads\CANopen (1)\CANopen\DemoObj.c
CO_COMM_RPDO1_COBIDAccessEvent   0x000bbc    program     extern C:\Users\shuixiu\Downloads\CANopen (1)\CANopen\DemoObj.c
CO_COMM_TPDO1_COBIDAccessEvent   0x000caa    program     extern C:\Users\shuixiu\Downloads\CANopen (1)\CANopen\DemoObj.c
CO_COMM_TPDO1_TypeAccessEvent   0x000d90    program     extern C:\Users\shuixiu\Downloads\CANopen (1)\CANopen\DemoObj.c
    CO_MEMIO_CopyRomToRam   0x0016ae    program     extern C:\Users\shuixiu\Downloads\CANopen (1)\CANopen\CO_MEMIO.C
        CO_MEMIO_CopySram   0x001510    program     extern C:\Users\shuixiu\Downloads\CANopen (1)\CANopen\CO_MEMIO.C
    CO_NMTAppResetRequest   0x0020c6    program     extern C:\Users\shuixiu\Downloads\CANopen (1)\CANopen\exttst.c
 CO_NMTENodeGuardErrEvent   0x0020c8    program     extern C:\Users\shuixiu\Downloads\CANopen (1)\CANopen\exttst.c
         CO_NMTResetEvent   0x0020c2    program     extern C:\Users\shuixiu\Downloads\CANopen (1)\CANopen\exttst.c
   CO_NMTStateChangeEvent   0x0020c0    program     extern C:\Users\shuixiu\Downloads\CANopen (1)\CANopen\exttst.c
      CO_PDO1LSTimerEvent   0x000e1c    program     extern C:\Users\shuixiu\Downloads\CANopen (1)\CANopen\DemoObj.c
        CO_PDO1TXFinEvent   0x000e1e    program     extern C:\Users\shuixiu\Downloads\CANopen (1)\CANopen\DemoObj.c
      CO_ProcessAllEvents   0x0020a0    program     extern C:\Users\shuixiu\Downloads\CANopen (1)\CANopen\CO_MAIN.C
                 DemoInit   0x000a3c    program     extern C:\Users\shuixiu\Downloads\CANopen (1)\CANopen\DemoObj.c
        DemoProcessEvents   0x000b36    program     extern C:\Users\shuixiu\Downloads\CANopen (1)\CANopen\DemoObj.c
                 FXM1616U   0x001ff2    program     extern C:\MCC18\SRC\TRADIT~1\MATH\fxm1616u.asm
                TimerInit   0x002066    program     extern C:\Users\shuixiu\Downloads\CANopen (1)\CANopen\Timer.c
     TimerIsOverflowEvent   0x002074    program     extern C:\Users\shuixiu\Downloads\CANopen (1)\CANopen\Timer.c
         _CANCloseMessage   0x001488    program     extern C:\Users\shuixiu\Downloads\CANopen (1)\CANopen\CO_CANDRV.C
         _CANEventManager   0x0011b6    program     extern C:\Users\shuixiu\Downloads\CANopen (1)\CANopen\CO_CANDRV.C
           _CANIsGetReady   0x0014c2    program     extern C:\Users\shuixiu\Downloads\CANopen (1)\CANopen\CO_CANDRV.C
             _CANIsPutFin   0x0013f0    program     extern C:\Users\shuixiu\Downloads\CANopen (1)\CANopen\CO_CANDRV.C
           _CANIsPutReady   0x0013ba    program     extern C:\Users\shuixiu\Downloads\CANopen (1)\CANopen\CO_CANDRV.C
          _CANOpenMessage   0x001428    program     extern C:\Users\shuixiu\Downloads\CANopen (1)\CANopen\CO_CANDRV.C
                _CANReset   0x0012ec    program     extern C:\Users\shuixiu\Downloads\CANopen (1)\CANopen\CO_CANDRV.C
           _CANSetBitRate   0x001376    program     extern C:\Users\shuixiu\Downloads\CANopen (1)\CANopen\CO_CANDRV.C
     _CO_COB_CANopen2MCHP   0x001c16    program     extern C:\Users\shuixiu\Downloads\CANopen (1)\CANopen\CO_TOOLS.c
     _CO_COB_MCHP2CANopen   0x001c90    program     extern C:\Users\shuixiu\Downloads\CANopen (1)\CANopen\CO_TOOLS.c
_CO_COMMLSTimeEventManager   0x001be6    program     extern C:\Users\shuixiu\Downloads\CANopen (1)\CANopen\CO_COMM.c
   _CO_COMMRXEventManager   0x001a6a    program     extern C:\Users\shuixiu\Downloads\CANopen (1)\CANopen\CO_COMM.c
_CO_COMMResetEventManager   0x001a1c    program     extern C:\Users\shuixiu\Downloads\CANopen (1)\CANopen\CO_COMM.c
_CO_COMMTXFinEventManager   0x001b9a    program     extern C:\Users\shuixiu\Downloads\CANopen (1)\CANopen\CO_COMM.c
_CO_COMMTXRdyEventManager   0x001b04    program     extern C:\Users\shuixiu\Downloads\CANopen (1)\CANopen\CO_COMM.c
      _CO_COMM_NMTE_Close   0x00108e    program     extern C:\Users\shuixiu\Downloads\CANopen (1)\CANopen\CO_NMTE.c
_CO_COMM_NMTE_GuardTimeAccessEvent   0x000eb2    program     extern C:\Users\shuixiu\Downloads\CANopen (1)\CANopen\CO_NMTE.c
_CO_COMM_NMTE_HeartBeatAccessEvent   0x000e20    program     extern C:\Users\shuixiu\Downloads\CANopen (1)\CANopen\CO_NMTE.c
_CO_COMM_NMTE_LSTimerEvent   0x001134    program     extern C:\Users\shuixiu\Downloads\CANopen (1)\CANopen\CO_NMTE.c
_CO_COMM_NMTE_LifeFactorAccessEvent   0x000f44    program     extern C:\Users\shuixiu\Downloads\CANopen (1)\CANopen\CO_NMTE.c
       _CO_COMM_NMTE_Open   0x000fce    program     extern C:\Users\shuixiu\Downloads\CANopen (1)\CANopen\CO_NMTE.c
    _CO_COMM_NMTE_RXEvent   0x0010a0    program     extern C:\Users\shuixiu\Downloads\CANopen (1)\CANopen\CO_NMTE.c
    _CO_COMM_NMTE_TXEvent   0x0010e0    program     extern C:\Users\shuixiu\Downloads\CANopen (1)\CANopen\CO_NMTE.c
       _CO_COMM_NMT_Close   0x001f44    program     extern C:\Users\shuixiu\Downloads\CANopen (1)\CANopen\CO_NMT.c
        _CO_COMM_NMT_Open   0x001f1c    program     extern C:\Users\shuixiu\Downloads\CANopen (1)\CANopen\CO_NMT.c
     _CO_COMM_NMT_RXEvent   0x001f56    program     extern C:\Users\shuixiu\Downloads\CANopen (1)\CANopen\CO_NMT.c
      _CO_COMM_PDO1_Close   0x001dfc    program     extern C:\Users\shuixiu\Downloads\CANopen (1)\CANopen\CO_PDO.c
       _CO_COMM_PDO1_Open   0x001dce    program     extern C:\Users\shuixiu\Downloads\CANopen (1)\CANopen\CO_PDO.c
    _CO_COMM_PDO1_RXEvent   0x001e0e    program     extern C:\Users\shuixiu\Downloads\CANopen (1)\CANopen\CO_PDO.c
    _CO_COMM_PDO1_TXEvent   0x001e40    program     extern C:\Users\shuixiu\Downloads\CANopen (1)\CANopen\CO_PDO.c
_CO_COMM_SDO1_CS_COBIDAccessEvent   0x00002c    program     extern C:\Users\shuixiu\Downloads\CANopen (1)\CANopen\CO_SDO1.c
      _CO_COMM_SDO1_Close   0x000156    program     extern C:\Users\shuixiu\Downloads\CANopen (1)\CANopen\CO_SDO1.c
_CO_COMM_SDO1_LSTimerEvent   0x000168    program     extern C:\Users\shuixiu\Downloads\CANopen (1)\CANopen\CO_SDO1.c
       _CO_COMM_SDO1_Open   0x0000ac    program     extern C:\Users\shuixiu\Downloads\CANopen (1)\CANopen\CO_SDO1.c
    _CO_COMM_SDO1_RXEvent   0x000328    program     extern C:\Users\shuixiu\Downloads\CANopen (1)\CANopen\CO_SDO1.c
_CO_COMM_SDO1_SC_COBIDAccessEvent   0x00006c    program     extern C:\Users\shuixiu\Downloads\CANopen (1)\CANopen\CO_SDO1.c
    _CO_COMM_SDO1_TXEvent   0x000190    program     extern C:\Users\shuixiu\Downloads\CANopen (1)\CANopen\CO_SDO1.c
_CO_COMM_SYNC_COBIDAccessEvent   0x001d42    program     extern C:\Users\shuixiu\Downloads\CANopen (1)\CANopen\CO_SYNC.c
      _CO_COMM_SYNC_Close   0x001d24    program     extern C:\Users\shuixiu\Downloads\CANopen (1)\CANopen\CO_SYNC.c
       _CO_COMM_SYNC_Open   0x001cf6    program     extern C:\Users\shuixiu\Downloads\CANopen (1)\CANopen\CO_SYNC.c
    _CO_COMM_SYNC_RXEvent   0x001d36    program     extern C:\Users\shuixiu\Downloads\CANopen (1)\CANopen\CO_SYNC.c
     _CO_DictObjectDecode   0x00082e    program     extern C:\Users\shuixiu\Downloads\CANopen (1)\CANopen\CO_dict.c
       _CO_DictObjectRead   0x000632    program     extern C:\Users\shuixiu\Downloads\CANopen (1)\CANopen\CO_dict.c
      _CO_DictObjectWrite   0x000774    program     extern C:\Users\shuixiu\Downloads\CANopen (1)\CANopen\CO_dict.c
       ___return_lbl00000   0x000004    program     static                          
       ___return_lbl00001   0x0020c4    program     static                          
       ___return_lbl00001   0x00209e    program     static                          
       ___return_lbl00002   0x001f1a    program     static                          
                  __dummy   0x0017b8    program     extern C:\Users\shuixiu\Downloads\CANopen (1)\CANopen\CO_dict.c
               _db_device   0x0017f4    program     extern C:\Users\shuixiu\Downloads\CANopen (1)\CANopen\CO_dict.c
      _db_manufacturer_g1   0x00193c    program     extern C:\Users\shuixiu\Downloads\CANopen (1)\CANopen\CO_dict.c
      _db_manufacturer_g2   0x00194c    program     extern C:\Users\shuixiu\Downloads\CANopen (1)\CANopen\CO_dict.c
      _db_manufacturer_g3   0x00195c    program     extern C:\Users\shuixiu\Downloads\CANopen (1)\CANopen\CO_dict.c
      _db_manufacturer_g4   0x00196c    program     extern C:\Users\shuixiu\Downloads\CANopen (1)\CANopen\CO_dict.c
              _db_objects   0x0017bc    program     extern C:\Users\shuixiu\Downloads\CANopen (1)\CANopen\CO_dict.c
         _db_pdo1_rx_comm   0x001884    program     extern C:\Users\shuixiu\Downloads\CANopen (1)\CANopen\CO_dict.c
          _db_pdo1_rx_map   0x001894    program     extern C:\Users\shuixiu\Downloads\CANopen (1)\CANopen\CO_dict.c
         _db_pdo1_tx_comm   0x0018dc    program     extern C:\Users\shuixiu\Downloads\CANopen (1)\CANopen\CO_dict.c
          _db_pdo1_tx_map   0x0018f4    program     extern C:\Users\shuixiu\Downloads\CANopen (1)\CANopen\CO_dict.c
                  _db_sdo   0x00186c    program     extern C:\Users\shuixiu\Downloads\CANopen (1)\CANopen\CO_dict.c
          _db_standard_g1   0x00197c    program     extern C:\Users\shuixiu\Downloads\CANopen (1)\CANopen\CO_dict.c
          _db_standard_g2   0x0019ec    program     extern C:\Users\shuixiu\Downloads\CANopen (1)\CANopen\CO_dict.c
          _db_standard_g3   0x0019fc    program     extern C:\Users\shuixiu\Downloads\CANopen (1)\CANopen\CO_dict.c
          _db_standard_g4   0x001a0c    program     extern C:\Users\shuixiu\Downloads\CANopen (1)\CANopen\CO_dict.c
                _do_cinit   0x001e7e    program     extern C:\MCC18\src\traditional\startup\c018i.c
                   _entry   0x000000    program     extern C:\MCC18\src\traditional\startup\c018i.c
                 _startup   0x002088    program     extern C:\MCC18\src\traditional\startup\c018i.c
           _uSDO1COMMIndx   0x0020bf    program     extern C:\Users\shuixiu\Downloads\CANopen (1)\CANopen\CO_SDO1.c
                copy_loop   0x001ef0    program     static                          
            copy_one_byte   0x001ef6    program     static                          
                     done   0x001f1a    program     static                          
             done_copying   0x001f04    program     static                          
                     loop   0x002098    program     static                          
                     main   0x001fa6    program     extern C:\Users\shuixiu\Downloads\CANopen (1)\CANopen\main.c
       rCO_DevHardwareVer   0x00204b    program     extern C:\Users\shuixiu\Downloads\CANopen (1)\CANopen\CO_DEV.c
      rCO_DevIdentityIndx   0x002055    program     extern C:\Users\shuixiu\Downloads\CANopen (1)\CANopen\CO_DEV.c
              rCO_DevName   0x002032    program     extern C:\Users\shuixiu\Downloads\CANopen (1)\CANopen\CO_DEV.c
       rCO_DevProductCode   0x00205a    program     extern C:\Users\shuixiu\Downloads\CANopen (1)\CANopen\CO_DEV.c
             rCO_DevRevNo   0x00205e    program     extern C:\Users\shuixiu\Downloads\CANopen (1)\CANopen\CO_DEV.c
          rCO_DevSerialNo   0x002062    program     extern C:\Users\shuixiu\Downloads\CANopen (1)\CANopen\CO_DEV.c
       rCO_DevSoftwareVer   0x002050    program     extern C:\Users\shuixiu\Downloads\CANopen (1)\CANopen\CO_DEV.c
              rCO_DevType   0x00202e    program     extern C:\Users\shuixiu\Downloads\CANopen (1)\CANopen\CO_DEV.c
          rCO_DevVendorID   0x002056    program     extern C:\Users\shuixiu\Downloads\CANopen (1)\CANopen\CO_DEV.c
               rMaxIndex1   0x0020bc    program     extern C:\Users\shuixiu\Downloads\CANopen (1)\CANopen\DemoObj.c
               rMaxIndex2   0x0020bd    program     extern C:\Users\shuixiu\Downloads\CANopen (1)\CANopen\DemoObj.c
                     test   0x001e98    program     static                          
            uDemoTPDO1Len   0x0020be    program     extern C:\Users\shuixiu\Downloads\CANopen (1)\CANopen\DemoObj.c
               uPDO1Dummy   0x0020b8    program     extern C:\Users\shuixiu\Downloads\CANopen (1)\CANopen\DemoObj.c
                uRPDO1Map   0x0020b4    program     extern C:\Users\shuixiu\Downloads\CANopen (1)\CANopen\DemoObj.c
                uTPDO1Map   0x0020b0    program     extern C:\Users\shuixiu\Downloads\CANopen (1)\CANopen\DemoObj.c
                   AARGB0   0x000007       data     extern C:\MCC18\SRC\TRADIT~1\MATH\aarg.asm
                   AARGB1   0x000006       data     extern C:\MCC18\SRC\TRADIT~1\MATH\aarg.asm
                   AARGB2   0x000005       data     extern C:\MCC18\SRC\TRADIT~1\MATH\aarg.asm
                   AARGB3   0x000004       data     extern C:\MCC18\SRC\TRADIT~1\MATH\aarg.asm
                   AARGB4   0x000003       data     extern C:\MCC18\SRC\TRADIT~1\MATH\aarg.asm
                   AARGB5   0x000002       data     extern C:\MCC18\SRC\TRADIT~1\MATH\aarg.asm
                   AARGB6   0x000001       data     extern C:\MCC18\SRC\TRADIT~1\MATH\aarg.asm
                   AARGB7   0x000000       data     extern C:\MCC18\SRC\TRADIT~1\MATH\aarg.asm
                   ADCON0   0x000fc2       data     extern C:\MCC18\SRC\TRADIT~1\PROC\p18f8680.asm
               ADCON0bits   0x000fc2       data     extern C:\MCC18\SRC\TRADIT~1\PROC\p18f8680.asm
                   ADCON1   0x000fc1       data     extern C:\MCC18\SRC\TRADIT~1\PROC\p18f8680.asm
               ADCON1bits   0x000fc1       data     extern C:\MCC18\SRC\TRADIT~1\PROC\p18f8680.asm
                   ADCON2   0x000fc0       data     extern C:\MCC18\SRC\TRADIT~1\PROC\p18f8680.asm
               ADCON2bits   0x000fc0       data     extern C:\MCC18\SRC\TRADIT~1\PROC\p18f8680.asm
                    ADRES   0x000fc3       data     extern C:\MCC18\SRC\TRADIT~1\PROC\p18f8680.asm
                   ADRESH   0x000fc4       data     extern C:\MCC18\SRC\TRADIT~1\PROC\p18f8680.asm
                   ADRESL   0x000fc3       data     extern C:\MCC18\SRC\TRADIT~1\PROC\p18f8680.asm
                     AEXP   0x000008       data     extern C:\MCC18\SRC\TRADIT~1\MATH\aarg.asm
                    B0CON   0x000e20       data     extern C:\MCC18\SRC\TRADIT~1\PROC\p18f8680.asm
                B0CONbits   0x000e20       data     extern C:\MCC18\SRC\TRADIT~1\PROC\p18f8680.asm
                     B0D0   0x000e26       data     extern C:\MCC18\SRC\TRADIT~1\PROC\p18f8680.asm
                 B0D0bits   0x000e26       data     extern C:\MCC18\SRC\TRADIT~1\PROC\p18f8680.asm
                     B0D1   0x000e27       data     extern C:\MCC18\SRC\TRADIT~1\PROC\p18f8680.asm
                 B0D1bits   0x000e27       data     extern C:\MCC18\SRC\TRADIT~1\PROC\p18f8680.asm
                     B0D2   0x000e28       data     extern C:\MCC18\SRC\TRADIT~1\PROC\p18f8680.asm
                 B0D2bits   0x000e28       data     extern C:\MCC18\SRC\TRADIT~1\PROC\p18f8680.asm
                     B0D3   0x000e29       data     extern C:\MCC18\SRC\TRADIT~1\PROC\p18f8680.asm
                 B0D3bits   0x000e29       data     extern C:\MCC18\SRC\TRADIT~1\PROC\p18f8680.asm
                     B0D4   0x000e2a       data     extern C:\MCC18\SRC\TRADIT~1\PROC\p18f8680.asm
                 B0D4bits   0x000e2a       data     extern C:\MCC18\SRC\TRADIT~1\PROC\p18f8680.asm
                     B0D5   0x000e2b       data     extern C:\MCC18\SRC\TRADIT~1\PROC\p18f8680.asm
                 B0D5bits   0x000e2b       data     extern C:\MCC18\SRC\TRADIT~1\PROC\p18f8680.asm
                     B0D6   0x000e2c       data     extern C:\MCC18\SRC\TRADIT~1\PROC\p18f8680.asm
                 B0D6bits   0x000e2c       data     extern C:\MCC18\SRC\TRADIT~1\PROC\p18f8680.asm
                     B0D7   0x000e2d       data     extern C:\MCC18\SRC\TRADIT~1\PROC\p18f8680.asm
                 B0D7bits   0x000e2d       data     extern C:\MCC18\SRC\TRADIT~1\PROC\p18f8680.asm
                    B0DLC   0x000e25       data     extern C:\MCC18\SRC\TRADIT~1\PROC\p18f8680.asm
                B0DLCbits   0x000e25       data     extern C:\MCC18\SRC\TRADIT~1\PROC\p18f8680.asm
                   B0EIDH   0x000e23       data     extern C:\MCC18\SRC\TRADIT~1\PROC\p18f8680.asm
               B0EIDHbits   0x000e23       data     extern C:\MCC18\SRC\TRADIT~1\PROC\p18f8680.asm
                   B0EIDL   0x000e24       data     extern C:\MCC18\SRC\TRADIT~1\PROC\p18f8680.asm
               B0EIDLbits   0x000e24       data     extern C:\MCC18\SRC\TRADIT~1\PROC\p18f8680.asm
                   B0SIDH   0x000e21       data     extern C:\MCC18\SRC\TRADIT~1\PROC\p18f8680.asm
               B0SIDHbits   0x000e21       data     extern C:\MCC18\SRC\TRADIT~1\PROC\p18f8680.asm
                   B0SIDL   0x000e22       data     extern C:\MCC18\SRC\TRADIT~1\PROC\p18f8680.asm
               B0SIDLbits   0x000e22       data     extern C:\MCC18\SRC\TRADIT~1\PROC\p18f8680.asm
                    B1CON   0x000e30       data     extern C:\MCC18\SRC\TRADIT~1\PROC\p18f8680.asm
                B1CONbits   0x000e30       data     extern C:\MCC18\SRC\TRADIT~1\PROC\p18f8680.asm
                     B1D0   0x000e36       data     extern C:\MCC18\SRC\TRADIT~1\PROC\p18f8680.asm
                 B1D0bits   0x000e36       data     extern C:\MCC18\SRC\TRADIT~1\PROC\p18f8680.asm
                     B1D1   0x000e37       data     extern C:\MCC18\SRC\TRADIT~1\PROC\p18f8680.asm
                 B1D1bits   0x000e37       data     extern C:\MCC18\SRC\TRADIT~1\PROC\p18f8680.asm
                     B1D2   0x000e38       data     extern C:\MCC18\SRC\TRADIT~1\PROC\p18f8680.asm
                 B1D2bits   0x000e38       data     extern C:\MCC18\SRC\TRADIT~1\PROC\p18f8680.asm
                     B1D3   0x000e39       data     extern C:\MCC18\SRC\TRADIT~1\PROC\p18f8680.asm
                 B1D3bits   0x000e39       data     extern C:\MCC18\SRC\TRADIT~1\PROC\p18f8680.asm
                     B1D4   0x000e3a       data     extern C:\MCC18\SRC\TRADIT~1\PROC\p18f8680.asm
                 B1D4bits   0x000e3a       data     extern C:\MCC18\SRC\TRADIT~1\PROC\p18f8680.asm
                     B1D5   0x000e3b       data     extern C:\MCC18\SRC\TRADIT~1\PROC\p18f8680.asm
                 B1D5bits   0x000e3b       data     extern C:\MCC18\SRC\TRADIT~1\PROC\p18f8680.asm
                     B1D6   0x000e3c       data     extern C:\MCC18\SRC\TRADIT~1\PROC\p18f8680.asm
                 B1D6bits   0x000e3c       data     extern C:\MCC18\SRC\TRADIT~1\PROC\p18f8680.asm
                     B1D7   0x000e3d       data     extern C:\MCC18\SRC\TRADIT~1\PROC\p18f8680.asm
                 B1D7bits   0x000e3d       data     extern C:\MCC18\SRC\TRADIT~1\PROC\p18f8680.asm
                    B1DLC   0x000e35       data     extern C:\MCC18\SRC\TRADIT~1\PROC\p18f8680.asm
                B1DLCbits   0x000e35       data     extern C:\MCC18\SRC\TRADIT~1\PROC\p18f8680.asm
                   B1EIDH   0x000e33       data     extern C:\MCC18\SRC\TRADIT~1\PROC\p18f8680.asm
               B1EIDHbits   0x000e33       data     extern C:\MCC18\SRC\TRADIT~1\PROC\p18f8680.asm
                   B1EIDL   0x000e34       data     extern C:\MCC18\SRC\TRADIT~1\PROC\p18f8680.asm
               B1EIDLbits   0x000e34       data     extern C:\MCC18\SRC\TRADIT~1\PROC\p18f8680.asm
                   B1SIDH   0x000e31       data     extern C:\MCC18\SRC\TRADIT~1\PROC\p18f8680.asm
               B1SIDHbits   0x000e31       data     extern C:\MCC18\SRC\TRADIT~1\PROC\p18f8680.asm
                   B1SIDL   0x000e32       data     extern C:\MCC18\SRC\TRADIT~1\PROC\p18f8680.asm
               B1SIDLbits   0x000e32       data     extern C:\MCC18\SRC\TRADIT~1\PROC\p18f8680.asm
                    B2CON   0x000e40       data     extern C:\MCC18\SRC\TRADIT~1\PROC\p18f8680.asm
                B2CONbits   0x000e40       data     extern C:\MCC18\SRC\TRADIT~1\PROC\p18f8680.asm
                     B2D0   0x000e46       data     extern C:\MCC18\SRC\TRADIT~1\PROC\p18f8680.asm
                 B2D0bits   0x000e46       data     extern C:\MCC18\SRC\TRADIT~1\PROC\p18f8680.asm
                     B2D1   0x000e47       data     extern C:\MCC18\SRC\TRADIT~1\PROC\p18f8680.asm
                 B2D1bits   0x000e47       data     extern C:\MCC18\SRC\TRADIT~1\PROC\p18f8680.asm
                     B2D2   0x000e48       data     extern C:\MCC18\SRC\TRADIT~1\PROC\p18f8680.asm
                 B2D2bits   0x000e48       data     extern C:\MCC18\SRC\TRADIT~1\PROC\p18f8680.asm
                     B2D3   0x000e49       data     extern C:\MCC18\SRC\TRADIT~1\PROC\p18f8680.asm
                 B2D3bits   0x000e49       data     extern C:\MCC18\SRC\TRADIT~1\PROC\p18f8680.asm
                     B2D4   0x000e4a       data     extern C:\MCC18\SRC\TRADIT~1\PROC\p18f8680.asm
                 B2D4bits   0x000e4a       data     extern C:\MCC18\SRC\TRADIT~1\PROC\p18f8680.asm
                     B2D5   0x000e4b       data     extern C:\MCC18\SRC\TRADIT~1\PROC\p18f8680.asm
                 B2D5bits   0x000e4b       data     extern C:\MCC18\SRC\TRADIT~1\PROC\p18f8680.asm
                     B2D6   0x000e4c       data     extern C:\MCC18\SRC\TRADIT~1\PROC\p18f8680.asm
                 B2D6bits   0x000e4c       data     extern C:\MCC18\SRC\TRADIT~1\PROC\p18f8680.asm
                     B2D7   0x000e4d       data     extern C:\MCC18\SRC\TRADIT~1\PROC\p18f8680.asm
                 B2D7bits   0x000e4d       data     extern C:\MCC18\SRC\TRADIT~1\PROC\p18f8680.asm
                    B2DLC   0x000e45       data     extern C:\MCC18\SRC\TRADIT~1\PROC\p18f8680.asm
                B2DLCbits   0x000e45       data     extern C:\MCC18\SRC\TRADIT~1\PROC\p18f8680.asm
                   B2EIDH   0x000e43       data     extern C:\MCC18\SRC\TRADIT~1\PROC\p18f8680.asm
               B2EIDHbits   0x000e43       data     extern C:\MCC18\SRC\TRADIT~1\PROC\p18f8680.asm
                   B2EIDL   0x000e44       data     extern C:\MCC18\SRC\TRADIT~1\PROC\p18f8680.asm
               B2EIDLbits   0x000e44       data     extern C:\MCC18\SRC\TRADIT~1\PROC\p18f8680.asm
                   B2SIDH   0x000e41       data     extern C:\MCC18\SRC\TRADIT~1\PROC\p18f8680.asm
               B2SIDHbits   0x000e41       data     extern C:\MCC18\SRC\TRADIT~1\PROC\p18f8680.asm
                   B2SIDL   0x000e42       data     extern C:\MCC18\SRC\TRADIT~1\PROC\p18f8680.asm
               B2SIDLbits   0x000e42       data     extern C:\MCC18\SRC\TRADIT~1\PROC\p18f8680.asm
                    B3CON   0x000e50       data     extern C:\MCC18\SRC\TRADIT~1\PROC\p18f8680.asm
                B3CONbits   0x000e50       data     extern C:\MCC18\SRC\TRADIT~1\PROC\p18f8680.asm
                     B3D0   0x000e56       data     extern C:\MCC18\SRC\TRADIT~1\PROC\p18f8680.asm
                 B3D0bits   0x000e56       data     extern C:\MCC18\SRC\TRADIT~1\PROC\p18f8680.asm
                     B3D1   0x000e57       data     extern C:\MCC18\SRC\TRADIT~1\PROC\p18f8680.asm
                 B3D1bits   0x000e57       data     extern C:\MCC18\SRC\TRADIT~1\PROC\p18f8680.asm
                     B3D2   0x000e58       data     extern C:\MCC18\SRC\TRADIT~1\PROC\p18f8680.asm
                 B3D2bits   0x000e58       data     extern C:\MCC18\SRC\TRADIT~1\PROC\p18f8680.asm
                     B3D3   0x000e59       data     extern C:\MCC18\SRC\TRADIT~1\PROC\p18f8680.asm
                 B3D3bits   0x000e59       data     extern C:\MCC18\SRC\TRADIT~1\PROC\p18f8680.asm
                     B3D4   0x000e5a       data     extern C:\MCC18\SRC\TRADIT~1\PROC\p18f8680.asm
                 B3D4bits   0x000e5a       data     extern C:\MCC18\SRC\TRADIT~1\PROC\p18f8680.asm
                     B3D5   0x000e5b       data     extern C:\MCC18\SRC\TRADIT~1\PROC\p18f8680.asm
                 B3D5bits   0x000e5b       data     extern C:\MCC18\SRC\TRADIT~1\PROC\p18f8680.asm
                     B3D6   0x000e5c       data     extern C:\MCC18\SRC\TRADIT~1\PROC\p18f8680.asm
                 B3D6bits   0x000e5c       data     extern C:\MCC18\SRC\TRADIT~1\PROC\p18f8680.asm
                     B3D7   0x000e5d       data     extern C:\MCC18\SRC\TRADIT~1\PROC\p18f8680.asm
                 B3D7bits   0x000e5d       data     extern C:\MCC18\SRC\TRADIT~1\PROC\p18f8680.asm
                    B3DLC   0x000e55       data     extern C:\MCC18\SRC\TRADIT~1\PROC\p18f8680.asm
                B3DLCbits   0x000e55       data     extern C:\MCC18\SRC\TRADIT~1\PROC\p18f8680.asm
                   B3EIDH   0x000e53       data     extern C:\MCC18\SRC\TRADIT~1\PROC\p18f8680.asm
               B3EIDHbits   0x000e53       data     extern C:\MCC18\SRC\TRADIT~1\PROC\p18f8680.asm
                   B3EIDL   0x000e54       data     extern C:\MCC18\SRC\TRADIT~1\PROC\p18f8680.asm
               B3EIDLbits   0x000e54       data     extern C:\MCC18\SRC\TRADIT~1\PROC\p18f8680.asm
                   B3SIDH   0x000e51       data     extern C:\MCC18\SRC\TRADIT~1\PROC\p18f8680.asm
               B3SIDHbits   0x000e51       data     extern C:\MCC18\SRC\TRADIT~1\PROC\p18f8680.asm
                   B3SIDL   0x000e52       data     extern C:\MCC18\SRC\TRADIT~1\PROC\p18f8680.asm
               B3SIDLbits   0x000e52       data     extern C:\MCC18\SRC\TRADIT~1\PROC\p18f8680.asm
                    B4CON   0x000e60       data     extern C:\MCC18\SRC\TRADIT~1\PROC\p18f8680.asm
                B4CONbits   0x000e60       data     extern C:\MCC18\SRC\TRADIT~1\PROC\p18f8680.asm
                     B4D0   0x000e66       data     extern C:\MCC18\SRC\TRADIT~1\PROC\p18f8680.asm
                 B4D0bits   0x000e66       data     extern C:\MCC18\SRC\TRADIT~1\PROC\p18f8680.asm
                     B4D1   0x000e67       data     extern C:\MCC18\SRC\TRADIT~1\PROC\p18f8680.asm
                 B4D1bits   0x000e67       data     extern C:\MCC18\SRC\TRADIT~1\PROC\p18f8680.asm
                     B4D2   0x000e68       data     extern C:\MCC18\SRC\TRADIT~1\PROC\p18f8680.asm
                 B4D2bits   0x000e68       data     extern C:\MCC18\SRC\TRADIT~1\PROC\p18f8680.asm
                     B4D3   0x000e69       data     extern C:\MCC18\SRC\TRADIT~1\PROC\p18f8680.asm
                 B4D3bits   0x000e69       data     extern C:\MCC18\SRC\TRADIT~1\PROC\p18f8680.asm
                     B4D4   0x000e6a       data     extern C:\MCC18\SRC\TRADIT~1\PROC\p18f8680.asm
                 B4D4bits   0x000e6a       data     extern C:\MCC18\SRC\TRADIT~1\PROC\p18f8680.asm
                     B4D5   0x000e6b       data     extern C:\MCC18\SRC\TRADIT~1\PROC\p18f8680.asm
                 B4D5bits   0x000e6b       data     extern C:\MCC18\SRC\TRADIT~1\PROC\p18f8680.asm
                     B4D6   0x000e6c       data     extern C:\MCC18\SRC\TRADIT~1\PROC\p18f8680.asm
                 B4D6bits   0x000e6c       data     extern C:\MCC18\SRC\TRADIT~1\PROC\p18f8680.asm
                     B4D7   0x000e6d       data     extern C:\MCC18\SRC\TRADIT~1\PROC\p18f8680.asm
                 B4D7bits   0x000e6d       data     extern C:\MCC18\SRC\TRADIT~1\PROC\p18f8680.asm
                    B4DLC   0x000e65       data     extern C:\MCC18\SRC\TRADIT~1\PROC\p18f8680.asm
                B4DLCbits   0x000e65       data     extern C:\MCC18\SRC\TRADIT~1\PROC\p18f8680.asm
                   B4EIDH   0x000e63       data     extern C:\MCC18\SRC\TRADIT~1\PROC\p18f8680.asm
               B4EIDHbits   0x000e63       data     extern C:\MCC18\SRC\TRADIT~1\PROC\p18f8680.asm
                   B4EIDL   0x000e64       data     extern C:\MCC18\SRC\TRADIT~1\PROC\p18f8680.asm
               B4EIDLbits   0x000e64       data     extern C:\MCC18\SRC\TRADIT~1\PROC\p18f8680.asm
                   B4SIDH   0x000e61       data     extern C:\MCC18\SRC\TRADIT~1\PROC\p18f8680.asm
               B4SIDHbits   0x000e61       data     extern C:\MCC18\SRC\TRADIT~1\PROC\p18f8680.asm
                   B4SIDL   0x000e62       data     extern C:\MCC18\SRC\TRADIT~1\PROC\p18f8680.asm
               B4SIDLbits   0x000e62       data     extern C:\MCC18\SRC\TRADIT~1\PROC\p18f8680.asm
                    B5CON   0x000e70       data     extern C:\MCC18\SRC\TRADIT~1\PROC\p18f8680.asm
                B5CONbits   0x000e70       data     extern C:\MCC18\SRC\TRADIT~1\PROC\p18f8680.asm
                     B5D0   0x000e76       data     extern C:\MCC18\SRC\TRADIT~1\PROC\p18f8680.asm
                 B5D0bits   0x000e76       data     extern C:\MCC18\SRC\TRADIT~1\PROC\p18f8680.asm
                     B5D1   0x000e77       data     extern C:\MCC18\SRC\TRADIT~1\PROC\p18f8680.asm
                 B5D1bits   0x000e77       data     extern C:\MCC18\SRC\TRADIT~1\PROC\p18f8680.asm
                     B5D2   0x000e78       data     extern C:\MCC18\SRC\TRADIT~1\PROC\p18f8680.asm
                 B5D2bits   0x000e78       data     extern C:\MCC18\SRC\TRADIT~1\PROC\p18f8680.asm
                     B5D3   0x000e79       data     extern C:\MCC18\SRC\TRADIT~1\PROC\p18f8680.asm
                 B5D3bits   0x000e79       data     extern C:\MCC18\SRC\TRADIT~1\PROC\p18f8680.asm
                     B5D4   0x000e7a       data     extern C:\MCC18\SRC\TRADIT~1\PROC\p18f8680.asm
                 B5D4bits   0x000e7a       data     extern C:\MCC18\SRC\TRADIT~1\PROC\p18f8680.asm
                     B5D5   0x000e7b       data     extern C:\MCC18\SRC\TRADIT~1\PROC\p18f8680.asm
                 B5D5bits   0x000e7b       data     extern C:\MCC18\SRC\TRADIT~1\PROC\p18f8680.asm
                     B5D6   0x000e7c       data     extern C:\MCC18\SRC\TRADIT~1\PROC\p18f8680.asm
                 B5D6bits   0x000e7c       data     extern C:\MCC18\SRC\TRADIT~1\PROC\p18f8680.asm
                     B5D7   0x000e7d       data     extern C:\MCC18\SRC\TRADIT~1\PROC\p18f8680.asm
                 B5D7bits   0x000e7d       data     extern C:\MCC18\SRC\TRADIT~1\PROC\p18f8680.asm
                    B5DLC   0x000e75       data     extern C:\MCC18\SRC\TRADIT~1\PROC\p18f8680.asm
                B5DLCbits   0x000e75       data     extern C:\MCC18\SRC\TRADIT~1\PROC\p18f8680.asm
                   B5EIDH   0x000e73       data     extern C:\MCC18\SRC\TRADIT~1\PROC\p18f8680.asm
               B5EIDHbits   0x000e73       data     extern C:\MCC18\SRC\TRADIT~1\PROC\p18f8680.asm
                   B5EIDL   0x000e74       data     extern C:\MCC18\SRC\TRADIT~1\PROC\p18f8680.asm
               B5EIDLbits   0x000e74       data     extern C:\MCC18\SRC\TRADIT~1\PROC\p18f8680.asm
                   B5SIDH   0x000e71       data     extern C:\MCC18\SRC\TRADIT~1\PROC\p18f8680.asm
               B5SIDHbits   0x000e71       data     extern C:\MCC18\SRC\TRADIT~1\PROC\p18f8680.asm
                   B5SIDL   0x000e72       data     extern C:\MCC18\SRC\TRADIT~1\PROC\p18f8680.asm
               B5SIDLbits   0x000e72       data     extern C:\MCC18\SRC\TRADIT~1\PROC\p18f8680.asm
                   BARGB0   0x00000c       data     extern C:\MCC18\SRC\TRADIT~1\MATH\barg.asm
                   BARGB1   0x00000b       data     extern C:\MCC18\SRC\TRADIT~1\MATH\barg.asm
                   BARGB2   0x00000a       data     extern C:\MCC18\SRC\TRADIT~1\MATH\barg.asm
                   BARGB3   0x000009       data     extern C:\MCC18\SRC\TRADIT~1\MATH\barg.asm
                  BAUDCON   0x000f7e       data     extern C:\MCC18\SRC\TRADIT~1\PROC\p18f8680.asm
              BAUDCONbits   0x000f7e       data     extern C:\MCC18\SRC\TRADIT~1\PROC\p18f8680.asm
                     BEXP   0x00000d       data     extern C:\MCC18\SRC\TRADIT~1\MATH\barg.asm
                     BIE0   0x000dfa       data     extern C:\MCC18\SRC\TRADIT~1\PROC\p18f8680.asm
                 BIE0bits   0x000dfa       data     extern C:\MCC18\SRC\TRADIT~1\PROC\p18f8680.asm
                  BRGCON1   0x000f70       data     extern C:\MCC18\SRC\TRADIT~1\PROC\p18f8680.asm
              BRGCON1bits   0x000f70       data     extern C:\MCC18\SRC\TRADIT~1\PROC\p18f8680.asm
                  BRGCON2   0x000f71       data     extern C:\MCC18\SRC\TRADIT~1\PROC\p18f8680.asm
              BRGCON2bits   0x000f71       data     extern C:\MCC18\SRC\TRADIT~1\PROC\p18f8680.asm
                  BRGCON3   0x000f72       data     extern C:\MCC18\SRC\TRADIT~1\PROC\p18f8680.asm
              BRGCON3bits   0x000f72       data     extern C:\MCC18\SRC\TRADIT~1\PROC\p18f8680.asm
                    BSEL0   0x000df8       data     extern C:\MCC18\SRC\TRADIT~1\PROC\p18f8680.asm
                BSEL0bits   0x000df8       data     extern C:\MCC18\SRC\TRADIT~1\PROC\p18f8680.asm
                      BSR   0x000fe0       data     extern C:\MCC18\SRC\TRADIT~1\PROC\p18f8680.asm
                   CANCON   0x000f6f       data     extern C:\MCC18\SRC\TRADIT~1\PROC\p18f8680.asm
               CANCONbits   0x000f6f       data     extern C:\MCC18\SRC\TRADIT~1\PROC\p18f8680.asm
                  CANSTAT   0x000f6e       data     extern C:\MCC18\SRC\TRADIT~1\PROC\p18f8680.asm
              CANSTATbits   0x000f6e       data     extern C:\MCC18\SRC\TRADIT~1\PROC\p18f8680.asm
                  CCP1CON   0x000fbd       data     extern C:\MCC18\SRC\TRADIT~1\PROC\p18f8680.asm
              CCP1CONbits   0x000fbd       data     extern C:\MCC18\SRC\TRADIT~1\PROC\p18f8680.asm
                  CCP2CON   0x000fba       data     extern C:\MCC18\SRC\TRADIT~1\PROC\p18f8680.asm
              CCP2CONbits   0x000fba       data     extern C:\MCC18\SRC\TRADIT~1\PROC\p18f8680.asm
                    CCPR1   0x000fbe       data     extern C:\MCC18\SRC\TRADIT~1\PROC\p18f8680.asm
                   CCPR1H   0x000fbf       data     extern C:\MCC18\SRC\TRADIT~1\PROC\p18f8680.asm
                   CCPR1L   0x000fbe       data     extern C:\MCC18\SRC\TRADIT~1\PROC\p18f8680.asm
                    CCPR2   0x000fbb       data     extern C:\MCC18\SRC\TRADIT~1\PROC\p18f8680.asm
                   CCPR2H   0x000fbc       data     extern C:\MCC18\SRC\TRADIT~1\PROC\p18f8680.asm
                   CCPR2L   0x000fbb       data     extern C:\MCC18\SRC\TRADIT~1\PROC\p18f8680.asm
                   CIOCON   0x000f73       data     extern C:\MCC18\SRC\TRADIT~1\PROC\p18f8680.asm
               CIOCONbits   0x000f73       data     extern C:\MCC18\SRC\TRADIT~1\PROC\p18f8680.asm
                    CMCON   0x000fb4       data     extern C:\MCC18\SRC\TRADIT~1\PROC\p18f8680.asm
                CMCONbits   0x000fb4       data     extern C:\MCC18\SRC\TRADIT~1\PROC\p18f8680.asm
                  COMSTAT   0x000f74       data     extern C:\MCC18\SRC\TRADIT~1\PROC\p18f8680.asm
              COMSTATbits   0x000f74       data     extern C:\MCC18\SRC\TRADIT~1\PROC\p18f8680.asm
                   CVRCON   0x000fb5       data     extern C:\MCC18\SRC\TRADIT~1\PROC\p18f8680.asm
               CVRCONbits   0x000fb5       data     extern C:\MCC18\SRC\TRADIT~1\PROC\p18f8680.asm
                     DDRA   0x000f92       data     extern C:\MCC18\SRC\TRADIT~1\PROC\p18f8680.asm
                 DDRAbits   0x000f92       data     extern C:\MCC18\SRC\TRADIT~1\PROC\p18f8680.asm
                     DDRB   0x000f93       data     extern C:\MCC18\SRC\TRADIT~1\PROC\p18f8680.asm
                 DDRBbits   0x000f93       data     extern C:\MCC18\SRC\TRADIT~1\PROC\p18f8680.asm
                     DDRC   0x000f94       data     extern C:\MCC18\SRC\TRADIT~1\PROC\p18f8680.asm
                 DDRCbits   0x000f94       data     extern C:\MCC18\SRC\TRADIT~1\PROC\p18f8680.asm
                     DDRD   0x000f95       data     extern C:\MCC18\SRC\TRADIT~1\PROC\p18f8680.asm
                 DDRDbits   0x000f95       data     extern C:\MCC18\SRC\TRADIT~1\PROC\p18f8680.asm
                     DDRE   0x000f96       data     extern C:\MCC18\SRC\TRADIT~1\PROC\p18f8680.asm
                 DDREbits   0x000f96       data     extern C:\MCC18\SRC\TRADIT~1\PROC\p18f8680.asm
                     DDRF   0x000f97       data     extern C:\MCC18\SRC\TRADIT~1\PROC\p18f8680.asm
                 DDRFbits   0x000f97       data     extern C:\MCC18\SRC\TRADIT~1\PROC\p18f8680.asm
                     DDRG   0x000f98       data     extern C:\MCC18\SRC\TRADIT~1\PROC\p18f8680.asm
                 DDRGbits   0x000f98       data     extern C:\MCC18\SRC\TRADIT~1\PROC\p18f8680.asm
                     DDRH   0x000f99       data     extern C:\MCC18\SRC\TRADIT~1\PROC\p18f8680.asm
                 DDRHbits   0x000f99       data     extern C:\MCC18\SRC\TRADIT~1\PROC\p18f8680.asm
                     DDRJ   0x000f9a       data     extern C:\MCC18\SRC\TRADIT~1\PROC\p18f8680.asm
                 DDRJbits   0x000f9a       data     extern C:\MCC18\SRC\TRADIT~1\PROC\p18f8680.asm
                  ECANCON   0x000f77       data     extern C:\MCC18\SRC\TRADIT~1\PROC\p18f8680.asm
              ECANCONbits   0x000f77       data     extern C:\MCC18\SRC\TRADIT~1\PROC\p18f8680.asm
                  ECCP1AS   0x000fb6       data     extern C:\MCC18\SRC\TRADIT~1\PROC\p18f8680.asm
              ECCP1ASbits   0x000fb6       data     extern C:\MCC18\SRC\TRADIT~1\PROC\p18f8680.asm
                 ECCP1DEL   0x000f79       data     extern C:\MCC18\SRC\TRADIT~1\PROC\p18f8680.asm
             ECCP1DELbits   0x000f79       data     extern C:\MCC18\SRC\TRADIT~1\PROC\p18f8680.asm
                    EEADR   0x000fa9       data     extern C:\MCC18\SRC\TRADIT~1\PROC\p18f8680.asm
                   EEADRH   0x000faa       data     extern C:\MCC18\SRC\TRADIT~1\PROC\p18f8680.asm
                   EECON1   0x000fa6       data     extern C:\MCC18\SRC\TRADIT~1\PROC\p18f8680.asm
               EECON1bits   0x000fa6       data     extern C:\MCC18\SRC\TRADIT~1\PROC\p18f8680.asm
                   EECON2   0x000fa7       data     extern C:\MCC18\SRC\TRADIT~1\PROC\p18f8680.asm
                   EEDATA   0x000fa8       data     extern C:\MCC18\SRC\TRADIT~1\PROC\p18f8680.asm
                  FPFLAGS   0x00000f       data     extern C:\MCC18\SRC\TRADIT~1\MATH\cmath18.asm
              FPFLAGSbits   0x00000f       data     extern C:\MCC18\SRC\TRADIT~1\MATH\cmath18.asm
                     FSR0   0x000fe9       data     extern C:\MCC18\SRC\TRADIT~1\PROC\p18f8680.asm
                    FSR0H   0x000fea       data     extern C:\MCC18\SRC\TRADIT~1\PROC\p18f8680.asm
                    FSR0L   0x000fe9       data     extern C:\MCC18\SRC\TRADIT~1\PROC\p18f8680.asm
                     FSR1   0x000fe1       data     extern C:\MCC18\SRC\TRADIT~1\PROC\p18f8680.asm
                    FSR1H   0x000fe2       data     extern C:\MCC18\SRC\TRADIT~1\PROC\p18f8680.asm
                    FSR1L   0x000fe1       data     extern C:\MCC18\SRC\TRADIT~1\PROC\p18f8680.asm
                     FSR2   0x000fd9       data     extern C:\MCC18\SRC\TRADIT~1\PROC\p18f8680.asm
                    FSR2H   0x000fda       data     extern C:\MCC18\SRC\TRADIT~1\PROC\p18f8680.asm
                    FSR2L   0x000fd9       data     extern C:\MCC18\SRC\TRADIT~1\PROC\p18f8680.asm
                    INDF0   0x000fef       data     extern C:\MCC18\SRC\TRADIT~1\PROC\p18f8680.asm
                    INDF1   0x000fe7       data     extern C:\MCC18\SRC\TRADIT~1\PROC\p18f8680.asm
                    INDF2   0x000fdf       data     extern C:\MCC18\SRC\TRADIT~1\PROC\p18f8680.asm
                   INTCON   0x000ff2       data     extern C:\MCC18\SRC\TRADIT~1\PROC\p18f8680.asm
                  INTCON2   0x000ff1       data     extern C:\MCC18\SRC\TRADIT~1\PROC\p18f8680.asm
              INTCON2bits   0x000ff1       data     extern C:\MCC18\SRC\TRADIT~1\PROC\p18f8680.asm
                  INTCON3   0x000ff0       data     extern C:\MCC18\SRC\TRADIT~1\PROC\p18f8680.asm
              INTCON3bits   0x000ff0       data     extern C:\MCC18\SRC\TRADIT~1\PROC\p18f8680.asm
               INTCONbits   0x000ff2       data     extern C:\MCC18\SRC\TRADIT~1\PROC\p18f8680.asm
                     IPR1   0x000f9f       data     extern C:\MCC18\SRC\TRADIT~1\PROC\p18f8680.asm
                 IPR1bits   0x000f9f       data     extern C:\MCC18\SRC\TRADIT~1\PROC\p18f8680.asm
                     IPR2   0x000fa2       data     extern C:\MCC18\SRC\TRADIT~1\PROC\p18f8680.asm
                 IPR2bits   0x000fa2       data     extern C:\MCC18\SRC\TRADIT~1\PROC\p18f8680.asm
                     IPR3   0x000fa5       data     extern C:\MCC18\SRC\TRADIT~1\PROC\p18f8680.asm
                 IPR3bits   0x000fa5       data     extern C:\MCC18\SRC\TRADIT~1\PROC\p18f8680.asm
                     LATA   0x000f89       data     extern C:\MCC18\SRC\TRADIT~1\PROC\p18f8680.asm
                 LATAbits   0x000f89       data     extern C:\MCC18\SRC\TRADIT~1\PROC\p18f8680.asm
                     LATB   0x000f8a       data     extern C:\MCC18\SRC\TRADIT~1\PROC\p18f8680.asm
                 LATBbits   0x000f8a       data     extern C:\MCC18\SRC\TRADIT~1\PROC\p18f8680.asm
                     LATC   0x000f8b       data     extern C:\MCC18\SRC\TRADIT~1\PROC\p18f8680.asm
                 LATCbits   0x000f8b       data     extern C:\MCC18\SRC\TRADIT~1\PROC\p18f8680.asm
                     LATD   0x000f8c       data     extern C:\MCC18\SRC\TRADIT~1\PROC\p18f8680.asm
                 LATDbits   0x000f8c       data     extern C:\MCC18\SRC\TRADIT~1\PROC\p18f8680.asm
                     LATE   0x000f8d       data     extern C:\MCC18\SRC\TRADIT~1\PROC\p18f8680.asm
                 LATEbits   0x000f8d       data     extern C:\MCC18\SRC\TRADIT~1\PROC\p18f8680.asm
                     LATF   0x000f8e       data     extern C:\MCC18\SRC\TRADIT~1\PROC\p18f8680.asm
                 LATFbits   0x000f8e       data     extern C:\MCC18\SRC\TRADIT~1\PROC\p18f8680.asm
                     LATG   0x000f8f       data     extern C:\MCC18\SRC\TRADIT~1\PROC\p18f8680.asm
                 LATGbits   0x000f8f       data     extern C:\MCC18\SRC\TRADIT~1\PROC\p18f8680.asm
                     LATH   0x000f90       data     extern C:\MCC18\SRC\TRADIT~1\PROC\p18f8680.asm
                 LATHbits   0x000f90       data     extern C:\MCC18\SRC\TRADIT~1\PROC\p18f8680.asm
                     LATJ   0x000f91       data     extern C:\MCC18\SRC\TRADIT~1\PROC\p18f8680.asm
                 LATJbits   0x000f91       data     extern C:\MCC18\SRC\TRADIT~1\PROC\p18f8680.asm
                   LVDCON   0x000fd2       data     extern C:\MCC18\SRC\TRADIT~1\PROC\p18f8680.asm
               LVDCONbits   0x000fd2       data     extern C:\MCC18\SRC\TRADIT~1\PROC\p18f8680.asm
                   MEMCON   0x000f9c       data     extern C:\MCC18\SRC\TRADIT~1\PROC\p18f8680.asm
               MEMCONbits   0x000f9c       data     extern C:\MCC18\SRC\TRADIT~1\PROC\p18f8680.asm
                    MSEL0   0x000df0       data     extern C:\MCC18\SRC\TRADIT~1\PROC\p18f8680.asm
                MSEL0bits   0x000df0       data     extern C:\MCC18\SRC\TRADIT~1\PROC\p18f8680.asm
                    MSEL1   0x000df1       data     extern C:\MCC18\SRC\TRADIT~1\PROC\p18f8680.asm
                MSEL1bits   0x000df1       data     extern C:\MCC18\SRC\TRADIT~1\PROC\p18f8680.asm
                    MSEL2   0x000df2       data     extern C:\MCC18\SRC\TRADIT~1\PROC\p18f8680.asm
                MSEL2bits   0x000df2       data     extern C:\MCC18\SRC\TRADIT~1\PROC\p18f8680.asm
                    MSEL3   0x000df3       data     extern C:\MCC18\SRC\TRADIT~1\PROC\p18f8680.asm
                MSEL3bits   0x000df3       data     extern C:\MCC18\SRC\TRADIT~1\PROC\p18f8680.asm
                   OSCCON   0x000fd3       data     extern C:\MCC18\SRC\TRADIT~1\PROC\p18f8680.asm
               OSCCONbits   0x000fd3       data     extern C:\MCC18\SRC\TRADIT~1\PROC\p18f8680.asm
                       PC   0x000ff9       data     extern C:\MCC18\SRC\TRADIT~1\PROC\p18f8680.asm
                      PCL   0x000ff9       data     extern C:\MCC18\SRC\TRADIT~1\PROC\p18f8680.asm
                   PCLATH   0x000ffa       data     extern C:\MCC18\SRC\TRADIT~1\PROC\p18f8680.asm
                   PCLATU   0x000ffb       data     extern C:\MCC18\SRC\TRADIT~1\PROC\p18f8680.asm
                     PIE1   0x000f9d       data     extern C:\MCC18\SRC\TRADIT~1\PROC\p18f8680.asm
                 PIE1bits   0x000f9d       data     extern C:\MCC18\SRC\TRADIT~1\PROC\p18f8680.asm
                     PIE2   0x000fa0       data     extern C:\MCC18\SRC\TRADIT~1\PROC\p18f8680.asm
                 PIE2bits   0x000fa0       data     extern C:\MCC18\SRC\TRADIT~1\PROC\p18f8680.asm
                     PIE3   0x000fa3       data     extern C:\MCC18\SRC\TRADIT~1\PROC\p18f8680.asm
                 PIE3bits   0x000fa3       data     extern C:\MCC18\SRC\TRADIT~1\PROC\p18f8680.asm
                     PIR1   0x000f9e       data     extern C:\MCC18\SRC\TRADIT~1\PROC\p18f8680.asm
                 PIR1bits   0x000f9e       data     extern C:\MCC18\SRC\TRADIT~1\PROC\p18f8680.asm
                     PIR2   0x000fa1       data     extern C:\MCC18\SRC\TRADIT~1\PROC\p18f8680.asm
                 PIR2bits   0x000fa1       data     extern C:\MCC18\SRC\TRADIT~1\PROC\p18f8680.asm
                     PIR3   0x000fa4       data     extern C:\MCC18\SRC\TRADIT~1\PROC\p18f8680.asm
                 PIR3bits   0x000fa4       data     extern C:\MCC18\SRC\TRADIT~1\PROC\p18f8680.asm
                   PLUSW0   0x000feb       data     extern C:\MCC18\SRC\TRADIT~1\PROC\p18f8680.asm
                   PLUSW1   0x000fe3       data     extern C:\MCC18\SRC\TRADIT~1\PROC\p18f8680.asm
                   PLUSW2   0x000fdb       data     extern C:\MCC18\SRC\TRADIT~1\PROC\p18f8680.asm
                    PORTA   0x000f80       data     extern C:\MCC18\SRC\TRADIT~1\PROC\p18f8680.asm
                PORTAbits   0x000f80       data     extern C:\MCC18\SRC\TRADIT~1\PROC\p18f8680.asm
                    PORTB   0x000f81       data     extern C:\MCC18\SRC\TRADIT~1\PROC\p18f8680.asm
                PORTBbits   0x000f81       data     extern C:\MCC18\SRC\TRADIT~1\PROC\p18f8680.asm
                    PORTC   0x000f82       data     extern C:\MCC18\SRC\TRADIT~1\PROC\p18f8680.asm
                PORTCbits   0x000f82       data     extern C:\MCC18\SRC\TRADIT~1\PROC\p18f8680.asm
                    PORTD   0x000f83       data     extern C:\MCC18\SRC\TRADIT~1\PROC\p18f8680.asm
                PORTDbits   0x000f83       data     extern C:\MCC18\SRC\TRADIT~1\PROC\p18f8680.asm
                    PORTE   0x000f84       data     extern C:\MCC18\SRC\TRADIT~1\PROC\p18f8680.asm
                PORTEbits   0x000f84       data     extern C:\MCC18\SRC\TRADIT~1\PROC\p18f8680.asm
                    PORTF   0x000f85       data     extern C:\MCC18\SRC\TRADIT~1\PROC\p18f8680.asm
                PORTFbits   0x000f85       data     extern C:\MCC18\SRC\TRADIT~1\PROC\p18f8680.asm
                    PORTG   0x000f86       data     extern C:\MCC18\SRC\TRADIT~1\PROC\p18f8680.asm
                PORTGbits   0x000f86       data     extern C:\MCC18\SRC\TRADIT~1\PROC\p18f8680.asm
                    PORTH   0x000f87       data     extern C:\MCC18\SRC\TRADIT~1\PROC\p18f8680.asm
                PORTHbits   0x000f87       data     extern C:\MCC18\SRC\TRADIT~1\PROC\p18f8680.asm
                    PORTJ   0x000f88       data     extern C:\MCC18\SRC\TRADIT~1\PROC\p18f8680.asm
                PORTJbits   0x000f88       data     extern C:\MCC18\SRC\TRADIT~1\PROC\p18f8680.asm
                 POSTDEC0   0x000fed       data     extern C:\MCC18\SRC\TRADIT~1\PROC\p18f8680.asm
                 POSTDEC1   0x000fe5       data     extern C:\MCC18\SRC\TRADIT~1\PROC\p18f8680.asm
                 POSTDEC2   0x000fdd       data     extern C:\MCC18\SRC\TRADIT~1\PROC\p18f8680.asm
                 POSTINC0   0x000fee       data     extern C:\MCC18\SRC\TRADIT~1\PROC\p18f8680.asm
                 POSTINC1   0x000fe6       data     extern C:\MCC18\SRC\TRADIT~1\PROC\p18f8680.asm
                 POSTINC2   0x000fde       data     extern C:\MCC18\SRC\TRADIT~1\PROC\p18f8680.asm
                      PR2   0x000fcb       data     extern C:\MCC18\SRC\TRADIT~1\PROC\p18f8680.asm
                  PREINC0   0x000fec       data     extern C:\MCC18\SRC\TRADIT~1\PROC\p18f8680.asm
                  PREINC1   0x000fe4       data     extern C:\MCC18\SRC\TRADIT~1\PROC\p18f8680.asm
                  PREINC2   0x000fdc       data     extern C:\MCC18\SRC\TRADIT~1\PROC\p18f8680.asm
                     PROD   0x000ff3       data     extern C:\MCC18\SRC\TRADIT~1\PROC\p18f8680.asm
                    PRODH   0x000ff4       data     extern C:\MCC18\SRC\TRADIT~1\PROC\p18f8680.asm
                    PRODL   0x000ff3       data     extern C:\MCC18\SRC\TRADIT~1\PROC\p18f8680.asm
                   PSPCON   0x000fb0       data     extern C:\MCC18\SRC\TRADIT~1\PROC\p18f8680.asm
               PSPCONbits   0x000fb0       data     extern C:\MCC18\SRC\TRADIT~1\PROC\p18f8680.asm
                     RCON   0x000fd0       data     extern C:\MCC18\SRC\TRADIT~1\PROC\p18f8680.asm
                 RCONbits   0x000fd0       data     extern C:\MCC18\SRC\TRADIT~1\PROC\p18f8680.asm
                    RCREG   0x000fae       data     extern C:\MCC18\SRC\TRADIT~1\PROC\p18f8680.asm
                    RCSTA   0x000fab       data     extern C:\MCC18\SRC\TRADIT~1\PROC\p18f8680.asm
                RCSTAbits   0x000fab       data     extern C:\MCC18\SRC\TRADIT~1\PROC\p18f8680.asm
                    REMB0   0x000003       data     extern C:\MCC18\SRC\TRADIT~1\MATH\aarg.asm
                    REMB1   0x000002       data     extern C:\MCC18\SRC\TRADIT~1\MATH\aarg.asm
                    REMB2   0x000001       data     extern C:\MCC18\SRC\TRADIT~1\MATH\aarg.asm
                    REMB3   0x000000       data     extern C:\MCC18\SRC\TRADIT~1\MATH\aarg.asm
                  RXB0CON   0x000f60       data     extern C:\MCC18\SRC\TRADIT~1\PROC\p18f8680.asm
              RXB0CONbits   0x000f60       data     extern C:\MCC18\SRC\TRADIT~1\PROC\p18f8680.asm
                   RXB0D0   0x000f66       data     extern C:\MCC18\SRC\TRADIT~1\PROC\p18f8680.asm
               RXB0D0bits   0x000f66       data     extern C:\MCC18\SRC\TRADIT~1\PROC\p18f8680.asm
                   RXB0D1   0x000f67       data     extern C:\MCC18\SRC\TRADIT~1\PROC\p18f8680.asm
               RXB0D1bits   0x000f67       data     extern C:\MCC18\SRC\TRADIT~1\PROC\p18f8680.asm
                   RXB0D2   0x000f68       data     extern C:\MCC18\SRC\TRADIT~1\PROC\p18f8680.asm
               RXB0D2bits   0x000f68       data     extern C:\MCC18\SRC\TRADIT~1\PROC\p18f8680.asm
                   RXB0D3   0x000f69       data     extern C:\MCC18\SRC\TRADIT~1\PROC\p18f8680.asm
               RXB0D3bits   0x000f69       data     extern C:\MCC18\SRC\TRADIT~1\PROC\p18f8680.asm
                   RXB0D4   0x000f6a       data     extern C:\MCC18\SRC\TRADIT~1\PROC\p18f8680.asm
               RXB0D4bits   0x000f6a       data     extern C:\MCC18\SRC\TRADIT~1\PROC\p18f8680.asm
                   RXB0D5   0x000f6b       data     extern C:\MCC18\SRC\TRADIT~1\PROC\p18f8680.asm
               RXB0D5bits   0x000f6b       data     extern C:\MCC18\SRC\TRADIT~1\PROC\p18f8680.asm
                   RXB0D6   0x000f6c       data     extern C:\MCC18\SRC\TRADIT~1\PROC\p18f8680.asm
               RXB0D6bits   0x000f6c       data     extern C:\MCC18\SRC\TRADIT~1\PROC\p18f8680.asm
                   RXB0D7   0x000f6d       data     extern C:\MCC18\SRC\TRADIT~1\PROC\p18f8680.asm
               RXB0D7bits   0x000f6d       data     extern C:\MCC18\SRC\TRADIT~1\PROC\p18f8680.asm
                  RXB0DLC   0x000f65       data     extern C:\MCC18\SRC\TRADIT~1\PROC\p18f8680.asm
              RXB0DLCbits   0x000f65       data     extern C:\MCC18\SRC\TRADIT~1\PROC\p18f8680.asm
                 RXB0EIDH   0x000f63       data     extern C:\MCC18\SRC\TRADIT~1\PROC\p18f8680.asm
             RXB0EIDHbits   0x000f63       data     extern C:\MCC18\SRC\TRADIT~1\PROC\p18f8680.asm
                 RXB0EIDL   0x000f64       data     extern C:\MCC18\SRC\TRADIT~1\PROC\p18f8680.asm
             RXB0EIDLbits   0x000f64       data     extern C:\MCC18\SRC\TRADIT~1\PROC\p18f8680.asm
                 RXB0SIDH   0x000f61       data     extern C:\MCC18\SRC\TRADIT~1\PROC\p18f8680.asm
             RXB0SIDHbits   0x000f61       data     extern C:\MCC18\SRC\TRADIT~1\PROC\p18f8680.asm
                 RXB0SIDL   0x000f62       data     extern C:\MCC18\SRC\TRADIT~1\PROC\p18f8680.asm
             RXB0SIDLbits   0x000f62       data     extern C:\MCC18\SRC\TRADIT~1\PROC\p18f8680.asm
                  RXB1CON   0x000f50       data     extern C:\MCC18\SRC\TRADIT~1\PROC\p18f8680.asm
              RXB1CONbits   0x000f50       data     extern C:\MCC18\SRC\TRADIT~1\PROC\p18f8680.asm
                   RXB1D0   0x000f56       data     extern C:\MCC18\SRC\TRADIT~1\PROC\p18f8680.asm
               RXB1D0bits   0x000f56       data     extern C:\MCC18\SRC\TRADIT~1\PROC\p18f8680.asm
                   RXB1D1   0x000f57       data     extern C:\MCC18\SRC\TRADIT~1\PROC\p18f8680.asm
               RXB1D1bits   0x000f57       data     extern C:\MCC18\SRC\TRADIT~1\PROC\p18f8680.asm
                   RXB1D2   0x000f58       data     extern C:\MCC18\SRC\TRADIT~1\PROC\p18f8680.asm
               RXB1D2bits   0x000f58       data     extern C:\MCC18\SRC\TRADIT~1\PROC\p18f8680.asm
                   RXB1D3   0x000f59       data     extern C:\MCC18\SRC\TRADIT~1\PROC\p18f8680.asm
               RXB1D3bits   0x000f59       data     extern C:\MCC18\SRC\TRADIT~1\PROC\p18f8680.asm
                   RXB1D4   0x000f5a       data     extern C:\MCC18\SRC\TRADIT~1\PROC\p18f8680.asm
               RXB1D4bits   0x000f5a       data     extern C:\MCC18\SRC\TRADIT~1\PROC\p18f8680.asm
                   RXB1D5   0x000f5b       data     extern C:\MCC18\SRC\TRADIT~1\PROC\p18f8680.asm
               RXB1D5bits   0x000f5b       data     extern C:\MCC18\SRC\TRADIT~1\PROC\p18f8680.asm
                   RXB1D6   0x000f5c       data     extern C:\MCC18\SRC\TRADIT~1\PROC\p18f8680.asm
               RXB1D6bits   0x000f5c       data     extern C:\MCC18\SRC\TRADIT~1\PROC\p18f8680.asm
                   RXB1D7   0x000f5d       data     extern C:\MCC18\SRC\TRADIT~1\PROC\p18f8680.asm
               RXB1D7bits   0x000f5d       data     extern C:\MCC18\SRC\TRADIT~1\PROC\p18f8680.asm
                  RXB1DLC   0x000f55       data     extern C:\MCC18\SRC\TRADIT~1\PROC\p18f8680.asm
              RXB1DLCbits   0x000f55       data     extern C:\MCC18\SRC\TRADIT~1\PROC\p18f8680.asm
                 RXB1EIDH   0x000f53       data     extern C:\MCC18\SRC\TRADIT~1\PROC\p18f8680.asm
             RXB1EIDHbits   0x000f53       data     extern C:\MCC18\SRC\TRADIT~1\PROC\p18f8680.asm
                 RXB1EIDL   0x000f54       data     extern C:\MCC18\SRC\TRADIT~1\PROC\p18f8680.asm
             RXB1EIDLbits   0x000f54       data     extern C:\MCC18\SRC\TRADIT~1\PROC\p18f8680.asm
                 RXB1SIDH   0x000f51       data     extern C:\MCC18\SRC\TRADIT~1\PROC\p18f8680.asm
             RXB1SIDHbits   0x000f51       data     extern C:\MCC18\SRC\TRADIT~1\PROC\p18f8680.asm
                 RXB1SIDL   0x000f52       data     extern C:\MCC18\SRC\TRADIT~1\PROC\p18f8680.asm
             RXB1SIDLbits   0x000f52       data     extern C:\MCC18\SRC\TRADIT~1\PROC\p18f8680.asm
                 RXERRCNT   0x000f75       data     extern C:\MCC18\SRC\TRADIT~1\PROC\p18f8680.asm
             RXERRCNTbits   0x000f75       data     extern C:\MCC18\SRC\TRADIT~1\PROC\p18f8680.asm
                 RXF0EIDH   0x000f02       data     extern C:\MCC18\SRC\TRADIT~1\PROC\p18f8680.asm
             RXF0EIDHbits   0x000f02       data     extern C:\MCC18\SRC\TRADIT~1\PROC\p18f8680.asm
                 RXF0EIDL   0x000f03       data     extern C:\MCC18\SRC\TRADIT~1\PROC\p18f8680.asm
             RXF0EIDLbits   0x000f03       data     extern C:\MCC18\SRC\TRADIT~1\PROC\p18f8680.asm
                 RXF0SIDH   0x000f00       data     extern C:\MCC18\SRC\TRADIT~1\PROC\p18f8680.asm
             RXF0SIDHbits   0x000f00       data     extern C:\MCC18\SRC\TRADIT~1\PROC\p18f8680.asm
                 RXF0SIDL   0x000f01       data     extern C:\MCC18\SRC\TRADIT~1\PROC\p18f8680.asm
             RXF0SIDLbits   0x000f01       data     extern C:\MCC18\SRC\TRADIT~1\PROC\p18f8680.asm
                RXF10EIDH   0x000d76       data     extern C:\MCC18\SRC\TRADIT~1\PROC\p18f8680.asm
            RXF10EIDHbits   0x000d76       data     extern C:\MCC18\SRC\TRADIT~1\PROC\p18f8680.asm
                RXF10EIDL   0x000d77       data     extern C:\MCC18\SRC\TRADIT~1\PROC\p18f8680.asm
            RXF10EIDLbits   0x000d77       data     extern C:\MCC18\SRC\TRADIT~1\PROC\p18f8680.asm
                RXF10SIDH   0x000d74       data     extern C:\MCC18\SRC\TRADIT~1\PROC\p18f8680.asm
            RXF10SIDHbits   0x000d74       data     extern C:\MCC18\SRC\TRADIT~1\PROC\p18f8680.asm
                RXF10SIDL   0x000d75       data     extern C:\MCC18\SRC\TRADIT~1\PROC\p18f8680.asm
            RXF10SIDLbits   0x000d75       data     extern C:\MCC18\SRC\TRADIT~1\PROC\p18f8680.asm
                RXF11EIDH   0x000d7a       data     extern C:\MCC18\SRC\TRADIT~1\PROC\p18f8680.asm
            RXF11EIDHbits   0x000d7a       data     extern C:\MCC18\SRC\TRADIT~1\PROC\p18f8680.asm
                RXF11EIDL   0x000d7b       data     extern C:\MCC18\SRC\TRADIT~1\PROC\p18f8680.asm
            RXF11EIDLbits   0x000d7b       data     extern C:\MCC18\SRC\TRADIT~1\PROC\p18f8680.asm
                RXF11SIDH   0x000d78       data     extern C:\MCC18\SRC\TRADIT~1\PROC\p18f8680.asm
            RXF11SIDHbits   0x000d78       data     extern C:\MCC18\SRC\TRADIT~1\PROC\p18f8680.asm
                RXF11SIDL   0x000d79       data     extern C:\MCC18\SRC\TRADIT~1\PROC\p18f8680.asm
            RXF11SIDLbits   0x000d79       data     extern C:\MCC18\SRC\TRADIT~1\PROC\p18f8680.asm
                RXF12EIDH   0x000d82       data     extern C:\MCC18\SRC\TRADIT~1\PROC\p18f8680.asm
            RXF12EIDHbits   0x000d82       data     extern C:\MCC18\SRC\TRADIT~1\PROC\p18f8680.asm
                RXF12EIDL   0x000d83       data     extern C:\MCC18\SRC\TRADIT~1\PROC\p18f8680.asm
            RXF12EIDLbits   0x000d83       data     extern C:\MCC18\SRC\TRADIT~1\PROC\p18f8680.asm
                RXF12SIDH   0x000d80       data     extern C:\MCC18\SRC\TRADIT~1\PROC\p18f8680.asm
            RXF12SIDHbits   0x000d80       data     extern C:\MCC18\SRC\TRADIT~1\PROC\p18f8680.asm
                RXF12SIDL   0x000d81       data     extern C:\MCC18\SRC\TRADIT~1\PROC\p18f8680.asm
            RXF12SIDLbits   0x000d81       data     extern C:\MCC18\SRC\TRADIT~1\PROC\p18f8680.asm
                RXF13EIDH   0x000d86       data     extern C:\MCC18\SRC\TRADIT~1\PROC\p18f8680.asm
            RXF13EIDHbits   0x000d86       data     extern C:\MCC18\SRC\TRADIT~1\PROC\p18f8680.asm
                RXF13EIDL   0x000d87       data     extern C:\MCC18\SRC\TRADIT~1\PROC\p18f8680.asm
            RXF13EIDLbits   0x000d87       data     extern C:\MCC18\SRC\TRADIT~1\PROC\p18f8680.asm
                RXF13SIDH   0x000d84       data     extern C:\MCC18\SRC\TRADIT~1\PROC\p18f8680.asm
            RXF13SIDHbits   0x000d84       data     extern C:\MCC18\SRC\TRADIT~1\PROC\p18f8680.asm
                RXF13SIDL   0x000d85       data     extern C:\MCC18\SRC\TRADIT~1\PROC\p18f8680.asm
            RXF13SIDLbits   0x000d85       data     extern C:\MCC18\SRC\TRADIT~1\PROC\p18f8680.asm
                RXF14EIDH   0x000d8a       data     extern C:\MCC18\SRC\TRADIT~1\PROC\p18f8680.asm
            RXF14EIDHbits   0x000d8a       data     extern C:\MCC18\SRC\TRADIT~1\PROC\p18f8680.asm
                RXF14EIDL   0x000d8b       data     extern C:\MCC18\SRC\TRADIT~1\PROC\p18f8680.asm
            RXF14EIDLbits   0x000d8b       data     extern C:\MCC18\SRC\TRADIT~1\PROC\p18f8680.asm
                RXF14SIDH   0x000d88       data     extern C:\MCC18\SRC\TRADIT~1\PROC\p18f8680.asm
            RXF14SIDHbits   0x000d88       data     extern C:\MCC18\SRC\TRADIT~1\PROC\p18f8680.asm
                RXF14SIDL   0x000d89       data     extern C:\MCC18\SRC\TRADIT~1\PROC\p18f8680.asm
            RXF14SIDLbits   0x000d89       data     extern C:\MCC18\SRC\TRADIT~1\PROC\p18f8680.asm
                RXF15EIDH   0x000d92       data     extern C:\MCC18\SRC\TRADIT~1\PROC\p18f8680.asm
            RXF15EIDHbits   0x000d92       data     extern C:\MCC18\SRC\TRADIT~1\PROC\p18f8680.asm
                RXF15EIDL   0x000d93       data     extern C:\MCC18\SRC\TRADIT~1\PROC\p18f8680.asm
            RXF15EIDLbits   0x000d93       data     extern C:\MCC18\SRC\TRADIT~1\PROC\p18f8680.asm
                RXF15SIDH   0x000d90       data     extern C:\MCC18\SRC\TRADIT~1\PROC\p18f8680.asm
            RXF15SIDHbits   0x000d90       data     extern C:\MCC18\SRC\TRADIT~1\PROC\p18f8680.asm
                RXF15SIDL   0x000d91       data     extern C:\MCC18\SRC\TRADIT~1\PROC\p18f8680.asm
            RXF15SIDLbits   0x000d91       data     extern C:\MCC18\SRC\TRADIT~1\PROC\p18f8680.asm
                 RXF1EIDH   0x000f06       data     extern C:\MCC18\SRC\TRADIT~1\PROC\p18f8680.asm
             RXF1EIDHbits   0x000f06       data     extern C:\MCC18\SRC\TRADIT~1\PROC\p18f8680.asm
                 RXF1EIDL   0x000f07       data     extern C:\MCC18\SRC\TRADIT~1\PROC\p18f8680.asm
             RXF1EIDLbits   0x000f07       data     extern C:\MCC18\SRC\TRADIT~1\PROC\p18f8680.asm
                 RXF1SIDH   0x000f04       data     extern C:\MCC18\SRC\TRADIT~1\PROC\p18f8680.asm
             RXF1SIDHbits   0x000f04       data     extern C:\MCC18\SRC\TRADIT~1\PROC\p18f8680.asm
                 RXF1SIDL   0x000f05       data     extern C:\MCC18\SRC\TRADIT~1\PROC\p18f8680.asm
             RXF1SIDLbits   0x000f05       data     extern C:\MCC18\SRC\TRADIT~1\PROC\p18f8680.asm
                 RXF2EIDH   0x000f0a       data     extern C:\MCC18\SRC\TRADIT~1\PROC\p18f8680.asm
             RXF2EIDHbits   0x000f0a       data     extern C:\MCC18\SRC\TRADIT~1\PROC\p18f8680.asm
                 RXF2EIDL   0x000f0b       data     extern C:\MCC18\SRC\TRADIT~1\PROC\p18f8680.asm
             RXF2EIDLbits   0x000f0b       data     extern C:\MCC18\SRC\TRADIT~1\PROC\p18f8680.asm
                 RXF2SIDH   0x000f08       data     extern C:\MCC18\SRC\TRADIT~1\PROC\p18f8680.asm
             RXF2SIDHbits   0x000f08       data     extern C:\MCC18\SRC\TRADIT~1\PROC\p18f8680.asm
                 RXF2SIDL   0x000f09       data     extern C:\MCC18\SRC\TRADIT~1\PROC\p18f8680.asm
             RXF2SIDLbits   0x000f09       data     extern C:\MCC18\SRC\TRADIT~1\PROC\p18f8680.asm
                 RXF3EIDH   0x000f0e       data     extern C:\MCC18\SRC\TRADIT~1\PROC\p18f8680.asm
             RXF3EIDHbits   0x000f0e       data     extern C:\MCC18\SRC\TRADIT~1\PROC\p18f8680.asm
                 RXF3EIDL   0x000f0f       data     extern C:\MCC18\SRC\TRADIT~1\PROC\p18f8680.asm
             RXF3EIDLbits   0x000f0f       data     extern C:\MCC18\SRC\TRADIT~1\PROC\p18f8680.asm
                 RXF3SIDH   0x000f0c       data     extern C:\MCC18\SRC\TRADIT~1\PROC\p18f8680.asm
             RXF3SIDHbits   0x000f0c       data     extern C:\MCC18\SRC\TRADIT~1\PROC\p18f8680.asm
                 RXF3SIDL   0x000f0d       data     extern C:\MCC18\SRC\TRADIT~1\PROC\p18f8680.asm
             RXF3SIDLbits   0x000f0d       data     extern C:\MCC18\SRC\TRADIT~1\PROC\p18f8680.asm
                 RXF4EIDH   0x000f12       data     extern C:\MCC18\SRC\TRADIT~1\PROC\p18f8680.asm
             RXF4EIDHbits   0x000f12       data     extern C:\MCC18\SRC\TRADIT~1\PROC\p18f8680.asm
                 RXF4EIDL   0x000f13       data     extern C:\MCC18\SRC\TRADIT~1\PROC\p18f8680.asm
             RXF4EIDLbits   0x000f13       data     extern C:\MCC18\SRC\TRADIT~1\PROC\p18f8680.asm
                 RXF4SIDH   0x000f10       data     extern C:\MCC18\SRC\TRADIT~1\PROC\p18f8680.asm
             RXF4SIDHbits   0x000f10       data     extern C:\MCC18\SRC\TRADIT~1\PROC\p18f8680.asm
                 RXF4SIDL   0x000f11       data     extern C:\MCC18\SRC\TRADIT~1\PROC\p18f8680.asm
             RXF4SIDLbits   0x000f11       data     extern C:\MCC18\SRC\TRADIT~1\PROC\p18f8680.asm
                 RXF5EIDH   0x000f16       data     extern C:\MCC18\SRC\TRADIT~1\PROC\p18f8680.asm
             RXF5EIDHbits   0x000f16       data     extern C:\MCC18\SRC\TRADIT~1\PROC\p18f8680.asm
                 RXF5EIDL   0x000f17       data     extern C:\MCC18\SRC\TRADIT~1\PROC\p18f8680.asm
             RXF5EIDLbits   0x000f17       data     extern C:\MCC18\SRC\TRADIT~1\PROC\p18f8680.asm
                 RXF5SIDH   0x000f14       data     extern C:\MCC18\SRC\TRADIT~1\PROC\p18f8680.asm
             RXF5SIDHbits   0x000f14       data     extern C:\MCC18\SRC\TRADIT~1\PROC\p18f8680.asm
                 RXF5SIDL   0x000f15       data     extern C:\MCC18\SRC\TRADIT~1\PROC\p18f8680.asm
             RXF5SIDLbits   0x000f15       data     extern C:\MCC18\SRC\TRADIT~1\PROC\p18f8680.asm
                 RXF6EIDH   0x000d62       data     extern C:\MCC18\SRC\TRADIT~1\PROC\p18f8680.asm
             RXF6EIDHbits   0x000d62       data     extern C:\MCC18\SRC\TRADIT~1\PROC\p18f8680.asm
                 RXF6EIDL   0x000d63       data     extern C:\MCC18\SRC\TRADIT~1\PROC\p18f8680.asm
             RXF6EIDLbits   0x000d63       data     extern C:\MCC18\SRC\TRADIT~1\PROC\p18f8680.asm
                 RXF6SIDH   0x000d60       data     extern C:\MCC18\SRC\TRADIT~1\PROC\p18f8680.asm
             RXF6SIDHbits   0x000d60       data     extern C:\MCC18\SRC\TRADIT~1\PROC\p18f8680.asm
                 RXF6SIDL   0x000d61       data     extern C:\MCC18\SRC\TRADIT~1\PROC\p18f8680.asm
             RXF6SIDLbits   0x000d61       data     extern C:\MCC18\SRC\TRADIT~1\PROC\p18f8680.asm
                 RXF7EIDH   0x000d66       data     extern C:\MCC18\SRC\TRADIT~1\PROC\p18f8680.asm
             RXF7EIDHbits   0x000d66       data     extern C:\MCC18\SRC\TRADIT~1\PROC\p18f8680.asm
                 RXF7EIDL   0x000d67       data     extern C:\MCC18\SRC\TRADIT~1\PROC\p18f8680.asm
             RXF7EIDLbits   0x000d67       data     extern C:\MCC18\SRC\TRADIT~1\PROC\p18f8680.asm
                 RXF7SIDH   0x000d64       data     extern C:\MCC18\SRC\TRADIT~1\PROC\p18f8680.asm
             RXF7SIDHbits   0x000d64       data     extern C:\MCC18\SRC\TRADIT~1\PROC\p18f8680.asm
                 RXF7SIDL   0x000d65       data     extern C:\MCC18\SRC\TRADIT~1\PROC\p18f8680.asm
             RXF7SIDLbits   0x000d65       data     extern C:\MCC18\SRC\TRADIT~1\PROC\p18f8680.asm
                 RXF8EIDH   0x000d6a       data     extern C:\MCC18\SRC\TRADIT~1\PROC\p18f8680.asm
             RXF8EIDHbits   0x000d6a       data     extern C:\MCC18\SRC\TRADIT~1\PROC\p18f8680.asm
                 RXF8EIDL   0x000d6b       data     extern C:\MCC18\SRC\TRADIT~1\PROC\p18f8680.asm
             RXF8EIDLbits   0x000d6b       data     extern C:\MCC18\SRC\TRADIT~1\PROC\p18f8680.asm
                 RXF8SIDH   0x000d68       data     extern C:\MCC18\SRC\TRADIT~1\PROC\p18f8680.asm
             RXF8SIDHbits   0x000d68       data     extern C:\MCC18\SRC\TRADIT~1\PROC\p18f8680.asm
                 RXF8SIDL   0x000d69       data     extern C:\MCC18\SRC\TRADIT~1\PROC\p18f8680.asm
             RXF8SIDLbits   0x000d69       data     extern C:\MCC18\SRC\TRADIT~1\PROC\p18f8680.asm
                 RXF9EIDH   0x000d72       data     extern C:\MCC18\SRC\TRADIT~1\PROC\p18f8680.asm
             RXF9EIDHbits   0x000d72       data     extern C:\MCC18\SRC\TRADIT~1\PROC\p18f8680.asm
                 RXF9EIDL   0x000d73       data     extern C:\MCC18\SRC\TRADIT~1\PROC\p18f8680.asm
             RXF9EIDLbits   0x000d73       data     extern C:\MCC18\SRC\TRADIT~1\PROC\p18f8680.asm
                 RXF9SIDH   0x000d70       data     extern C:\MCC18\SRC\TRADIT~1\PROC\p18f8680.asm
             RXF9SIDHbits   0x000d70       data     extern C:\MCC18\SRC\TRADIT~1\PROC\p18f8680.asm
                 RXF9SIDL   0x000d71       data     extern C:\MCC18\SRC\TRADIT~1\PROC\p18f8680.asm
             RXF9SIDLbits   0x000d71       data     extern C:\MCC18\SRC\TRADIT~1\PROC\p18f8680.asm
                 RXFBCON0   0x000de0       data     extern C:\MCC18\SRC\TRADIT~1\PROC\p18f8680.asm
             RXFBCON0bits   0x000de0       data     extern C:\MCC18\SRC\TRADIT~1\PROC\p18f8680.asm
                 RXFBCON1   0x000de1       data     extern C:\MCC18\SRC\TRADIT~1\PROC\p18f8680.asm
             RXFBCON1bits   0x000de1       data     extern C:\MCC18\SRC\TRADIT~1\PROC\p18f8680.asm
                 RXFBCON2   0x000de2       data     extern C:\MCC18\SRC\TRADIT~1\PROC\p18f8680.asm
             RXFBCON2bits   0x000de2       data     extern C:\MCC18\SRC\TRADIT~1\PROC\p18f8680.asm
                 RXFBCON3   0x000de3       data     extern C:\MCC18\SRC\TRADIT~1\PROC\p18f8680.asm
             RXFBCON3bits   0x000de3       data     extern C:\MCC18\SRC\TRADIT~1\PROC\p18f8680.asm
                 RXFBCON4   0x000de4       data     extern C:\MCC18\SRC\TRADIT~1\PROC\p18f8680.asm
             RXFBCON4bits   0x000de4       data     extern C:\MCC18\SRC\TRADIT~1\PROC\p18f8680.asm
                 RXFBCON5   0x000de5       data     extern C:\MCC18\SRC\TRADIT~1\PROC\p18f8680.asm
             RXFBCON5bits   0x000de5       data     extern C:\MCC18\SRC\TRADIT~1\PROC\p18f8680.asm
                 RXFBCON6   0x000de6       data     extern C:\MCC18\SRC\TRADIT~1\PROC\p18f8680.asm
             RXFBCON6bits   0x000de6       data     extern C:\MCC18\SRC\TRADIT~1\PROC\p18f8680.asm
                 RXFBCON7   0x000de7       data     extern C:\MCC18\SRC\TRADIT~1\PROC\p18f8680.asm
             RXFBCON7bits   0x000de7       data     extern C:\MCC18\SRC\TRADIT~1\PROC\p18f8680.asm
                  RXFCON0   0x000dd4       data     extern C:\MCC18\SRC\TRADIT~1\PROC\p18f8680.asm
              RXFCON0bits   0x000dd4       data     extern C:\MCC18\SRC\TRADIT~1\PROC\p18f8680.asm
                  RXFCON1   0x000dd5       data     extern C:\MCC18\SRC\TRADIT~1\PROC\p18f8680.asm
              RXFCON1bits   0x000dd5       data     extern C:\MCC18\SRC\TRADIT~1\PROC\p18f8680.asm
                 RXM0EIDH   0x000f1a       data     extern C:\MCC18\SRC\TRADIT~1\PROC\p18f8680.asm
             RXM0EIDHbits   0x000f1a       data     extern C:\MCC18\SRC\TRADIT~1\PROC\p18f8680.asm
                 RXM0EIDL   0x000f1b       data     extern C:\MCC18\SRC\TRADIT~1\PROC\p18f8680.asm
             RXM0EIDLbits   0x000f1b       data     extern C:\MCC18\SRC\TRADIT~1\PROC\p18f8680.asm
                 RXM0SIDH   0x000f18       data     extern C:\MCC18\SRC\TRADIT~1\PROC\p18f8680.asm
             RXM0SIDHbits   0x000f18       data     extern C:\MCC18\SRC\TRADIT~1\PROC\p18f8680.asm
                 RXM0SIDL   0x000f19       data     extern C:\MCC18\SRC\TRADIT~1\PROC\p18f8680.asm
             RXM0SIDLbits   0x000f19       data     extern C:\MCC18\SRC\TRADIT~1\PROC\p18f8680.asm
                 RXM1EIDH   0x000f1e       data     extern C:\MCC18\SRC\TRADIT~1\PROC\p18f8680.asm
             RXM1EIDHbits   0x000f1e       data     extern C:\MCC18\SRC\TRADIT~1\PROC\p18f8680.asm
                 RXM1EIDL   0x000f1f       data     extern C:\MCC18\SRC\TRADIT~1\PROC\p18f8680.asm
             RXM1EIDLbits   0x000f1f       data     extern C:\MCC18\SRC\TRADIT~1\PROC\p18f8680.asm
                 RXM1SIDH   0x000f1c       data     extern C:\MCC18\SRC\TRADIT~1\PROC\p18f8680.asm
[...]
                PORTHbits   0x000f87       data     extern C:\MCC18\SRC\TRADIT~1\PROC\p18f8680.asm
                    PORTJ   0x000f88       data     extern C:\MCC18\SRC\TRADIT~1\PROC\p18f8680.asm
                PORTJbits   0x000f88       data     extern C:\MCC18\SRC\TRADIT~1\PROC\p18f8680.asm
                     LATA   0x000f89       data     extern C:\MCC18\SRC\TRADIT~1\PROC\p18f8680.asm
                 LATAbits   0x000f89       data     extern C:\MCC18\SRC\TRADIT~1\PROC\p18f8680.asm
                 LATBbits   0x000f8a       data     extern C:\MCC18\SRC\TRADIT~1\PROC\p18f8680.asm
                     LATB   0x000f8a       data     extern C:\MCC18\SRC\TRADIT~1\PROC\p18f8680.asm
                 LATCbits   0x000f8b       data     extern C:\MCC18\SRC\TRADIT~1\PROC\p18f8680.asm
                     LATC   0x000f8b       data     extern C:\MCC18\SRC\TRADIT~1\PROC\p18f8680.asm
                     LATD   0x000f8c       data     extern C:\MCC18\SRC\TRADIT~1\PROC\p18f8680.asm
                 LATDbits   0x000f8c       data     extern C:\MCC18\SRC\TRADIT~1\PROC\p18f8680.asm
                 LATEbits   0x000f8d       data     extern C:\MCC18\SRC\TRADIT~1\PROC\p18f8680.asm
                     LATE   0x000f8d       data     extern C:\MCC18\SRC\TRADIT~1\PROC\p18f8680.asm
                 LATFbits   0x000f8e       data     extern C:\MCC18\SRC\TRADIT~1\PROC\p18f8680.asm
                     LATF   0x000f8e       data     extern C:\MCC18\SRC\TRADIT~1\PROC\p18f8680.asm
                     LATG   0x000f8f       data     extern C:\MCC18\SRC\TRADIT~1\PROC\p18f8680.asm
                 LATGbits   0x000f8f       data     extern C:\MCC18\SRC\TRADIT~1\PROC\p18f8680.asm
                     LATH   0x000f90       data     extern C:\MCC18\SRC\TRADIT~1\PROC\p18f8680.asm
                 LATHbits   0x000f90       data     extern C:\MCC18\SRC\TRADIT~1\PROC\p18f8680.asm
                 LATJbits   0x000f91       data     extern C:\MCC18\SRC\TRADIT~1\PROC\p18f8680.asm
                     LATJ   0x000f91       data     extern C:\MCC18\SRC\TRADIT~1\PROC\p18f8680.asm
                    TRISA   0x000f92       data     extern C:\MCC18\SRC\TRADIT~1\PROC\p18f8680.asm
                TRISAbits   0x000f92       data     extern C:\MCC18\SRC\TRADIT~1\PROC\p18f8680.asm
                 DDRAbits   0x000f92       data     extern C:\MCC18\SRC\TRADIT~1\PROC\p18f8680.asm
                     DDRA   0x000f92       data     extern C:\MCC18\SRC\TRADIT~1\PROC\p18f8680.asm
                    TRISB   0x000f93       data     extern C:\MCC18\SRC\TRADIT~1\PROC\p18f8680.asm
                TRISBbits   0x000f93       data     extern C:\MCC18\SRC\TRADIT~1\PROC\p18f8680.asm
                 DDRBbits   0x000f93       data     extern C:\MCC18\SRC\TRADIT~1\PROC\p18f8680.asm
                     DDRB   0x000f93       data     extern C:\MCC18\SRC\TRADIT~1\PROC\p18f8680.asm
                    TRISC   0x000f94       data     extern C:\MCC18\SRC\TRADIT~1\PROC\p18f8680.asm
                TRISCbits   0x000f94       data     extern C:\MCC18\SRC\TRADIT~1\PROC\p18f8680.asm
                 DDRCbits   0x000f94       data     extern C:\MCC18\SRC\TRADIT~1\PROC\p18f8680.asm
                     DDRC   0x000f94       data     extern C:\MCC18\SRC\TRADIT~1\PROC\p18f8680.asm
                 DDRDbits   0x000f95       data     extern C:\MCC18\SRC\TRADIT~1\PROC\p18f8680.asm
                     DDRD   0x000f95       data     extern C:\MCC18\SRC\TRADIT~1\PROC\p18f8680.asm
                    TRISD   0x000f95       data     extern C:\MCC18\SRC\TRADIT~1\PROC\p18f8680.asm
                TRISDbits   0x000f95       data     extern C:\MCC18\SRC\TRADIT~1\PROC\p18f8680.asm
                    TRISE   0x000f96       data     extern C:\MCC18\SRC\TRADIT~1\PROC\p18f8680.asm
                TRISEbits   0x000f96       data     extern C:\MCC18\SRC\TRADIT~1\PROC\p18f8680.asm
                     DDRE   0x000f96       data     extern C:\MCC18\SRC\TRADIT~1\PROC\p18f8680.asm
                 DDREbits   0x000f96       data     extern C:\MCC18\SRC\TRADIT~1\PROC\p18f8680.asm
                 DDRFbits   0x000f97       data     extern C:\MCC18\SRC\TRADIT~1\PROC\p18f8680.asm
                     DDRF   0x000f97       data     extern C:\MCC18\SRC\TRADIT~1\PROC\p18f8680.asm
                    TRISF   0x000f97       data     extern C:\MCC18\SRC\TRADIT~1\PROC\p18f8680.asm
                TRISFbits   0x000f97       data     extern C:\MCC18\SRC\TRADIT~1\PROC\p18f8680.asm
                 DDRGbits   0x000f98       data     extern C:\MCC18\SRC\TRADIT~1\PROC\p18f8680.asm
                     DDRG   0x000f98       data     extern C:\MCC18\SRC\TRADIT~1\PROC\p18f8680.asm
                    TRISG   0x000f98       data     extern C:\MCC18\SRC\TRADIT~1\PROC\p18f8680.asm
                TRISGbits   0x000f98       data     extern C:\MCC18\SRC\TRADIT~1\PROC\p18f8680.asm
                     DDRH   0x000f99       data     extern C:\MCC18\SRC\TRADIT~1\PROC\p18f8680.asm
                 DDRHbits   0x000f99       data     extern C:\MCC18\SRC\TRADIT~1\PROC\p18f8680.asm
                    TRISH   0x000f99       data     extern C:\MCC18\SRC\TRADIT~1\PROC\p18f8680.asm
                TRISHbits   0x000f99       data     extern C:\MCC18\SRC\TRADIT~1\PROC\p18f8680.asm
                     DDRJ   0x000f9a       data     extern C:\MCC18\SRC\TRADIT~1\PROC\p18f8680.asm
                 DDRJbits   0x000f9a       data     extern C:\MCC18\SRC\TRADIT~1\PROC\p18f8680.asm
                TRISJbits   0x000f9a       data     extern C:\MCC18\SRC\TRADIT~1\PROC\p18f8680.asm
                    TRISJ   0x000f9a       data     extern C:\MCC18\SRC\TRADIT~1\PROC\p18f8680.asm
               MEMCONbits   0x000f9c       data     extern C:\MCC18\SRC\TRADIT~1\PROC\p18f8680.asm
                   MEMCON   0x000f9c       data     extern C:\MCC18\SRC\TRADIT~1\PROC\p18f8680.asm
                     PIE1   0x000f9d       data     extern C:\MCC18\SRC\TRADIT~1\PROC\p18f8680.asm
                 PIE1bits   0x000f9d       data     extern C:\MCC18\SRC\TRADIT~1\PROC\p18f8680.asm
                     PIR1   0x000f9e       data     extern C:\MCC18\SRC\TRADIT~1\PROC\p18f8680.asm
                 PIR1bits   0x000f9e       data     extern C:\MCC18\SRC\TRADIT~1\PROC\p18f8680.asm
                     IPR1   0x000f9f       data     extern C:\MCC18\SRC\TRADIT~1\PROC\p18f8680.asm
                 IPR1bits   0x000f9f       data     extern C:\MCC18\SRC\TRADIT~1\PROC\p18f8680.asm
                     PIE2   0x000fa0       data     extern C:\MCC18\SRC\TRADIT~1\PROC\p18f8680.asm
                 PIE2bits   0x000fa0       data     extern C:\MCC18\SRC\TRADIT~1\PROC\p18f8680.asm
                 PIR2bits   0x000fa1       data     extern C:\MCC18\SRC\TRADIT~1\PROC\p18f8680.asm
                     PIR2   0x000fa1       data     extern C:\MCC18\SRC\TRADIT~1\PROC\p18f8680.asm
                 IPR2bits   0x000fa2       data     extern C:\MCC18\SRC\TRADIT~1\PROC\p18f8680.asm
                     IPR2   0x000fa2       data     extern C:\MCC18\SRC\TRADIT~1\PROC\p18f8680.asm
                     PIE3   0x000fa3       data     extern C:\MCC18\SRC\TRADIT~1\PROC\p18f8680.asm
                 PIE3bits   0x000fa3       data     extern C:\MCC18\SRC\TRADIT~1\PROC\p18f8680.asm
                 PIR3bits   0x000fa4       data     extern C:\MCC18\SRC\TRADIT~1\PROC\p18f8680.asm
                     PIR3   0x000fa4       data     extern C:\MCC18\SRC\TRADIT~1\PROC\p18f8680.asm
                 IPR3bits   0x000fa5       data     extern C:\MCC18\SRC\TRADIT~1\PROC\p18f8680.asm
                     IPR3   0x000fa5       data     extern C:\MCC18\SRC\TRADIT~1\PROC\p18f8680.asm
               EECON1bits   0x000fa6       data     extern C:\MCC18\SRC\TRADIT~1\PROC\p18f8680.asm
                   EECON1   0x000fa6       data     extern C:\MCC18\SRC\TRADIT~1\PROC\p18f8680.asm
                   EECON2   0x000fa7       data     extern C:\MCC18\SRC\TRADIT~1\PROC\p18f8680.asm
                   EEDATA   0x000fa8       data     extern C:\MCC18\SRC\TRADIT~1\PROC\p18f8680.asm
                    EEADR   0x000fa9       data     extern C:\MCC18\SRC\TRADIT~1\PROC\p18f8680.asm
                   EEADRH   0x000faa       data     extern C:\MCC18\SRC\TRADIT~1\PROC\p18f8680.asm
                    RCSTA   0x000fab       data     extern C:\MCC18\SRC\TRADIT~1\PROC\p18f8680.asm
                RCSTAbits   0x000fab       data     extern C:\MCC18\SRC\TRADIT~1\PROC\p18f8680.asm
                    TXSTA   0x000fac       data     extern C:\MCC18\SRC\TRADIT~1\PROC\p18f8680.asm
                TXSTAbits   0x000fac       data     extern C:\MCC18\SRC\TRADIT~1\PROC\p18f8680.asm
                    TXREG   0x000fad       data     extern C:\MCC18\SRC\TRADIT~1\PROC\p18f8680.asm
                    RCREG   0x000fae       data     extern C:\MCC18\SRC\TRADIT~1\PROC\p18f8680.asm
                    SPBRG   0x000faf       data     extern C:\MCC18\SRC\TRADIT~1\PROC\p18f8680.asm
                   PSPCON   0x000fb0       data     extern C:\MCC18\SRC\TRADIT~1\PROC\p18f8680.asm
               PSPCONbits   0x000fb0       data     extern C:\MCC18\SRC\TRADIT~1\PROC\p18f8680.asm
                    T3CON   0x000fb1       data     extern C:\MCC18\SRC\TRADIT~1\PROC\p18f8680.asm
                T3CONbits   0x000fb1       data     extern C:\MCC18\SRC\TRADIT~1\PROC\p18f8680.asm
                    TMR3L   0x000fb2       data     extern C:\MCC18\SRC\TRADIT~1\PROC\p18f8680.asm
                    TMR3H   0x000fb3       data     extern C:\MCC18\SRC\TRADIT~1\PROC\p18f8680.asm
                    CMCON   0x000fb4       data     extern C:\MCC18\SRC\TRADIT~1\PROC\p18f8680.asm
                CMCONbits   0x000fb4       data     extern C:\MCC18\SRC\TRADIT~1\PROC\p18f8680.asm
               CVRCONbits   0x000fb5       data     extern C:\MCC18\SRC\TRADIT~1\PROC\p18f8680.asm
                   CVRCON   0x000fb5       data     extern C:\MCC18\SRC\TRADIT~1\PROC\p18f8680.asm
              ECCP1ASbits   0x000fb6       data     extern C:\MCC18\SRC\TRADIT~1\PROC\p18f8680.asm
                  ECCP1AS   0x000fb6       data     extern C:\MCC18\SRC\TRADIT~1\PROC\p18f8680.asm
              CCP2CONbits   0x000fba       data     extern C:\MCC18\SRC\TRADIT~1\PROC\p18f8680.asm
                  CCP2CON   0x000fba       data     extern C:\MCC18\SRC\TRADIT~1\PROC\p18f8680.asm
                   CCPR2L   0x000fbb       data     extern C:\MCC18\SRC\TRADIT~1\PROC\p18f8680.asm
                    CCPR2   0x000fbb       data     extern C:\MCC18\SRC\TRADIT~1\PROC\p18f8680.asm
                   CCPR2H   0x000fbc       data     extern C:\MCC18\SRC\TRADIT~1\PROC\p18f8680.asm
                  CCP1CON   0x000fbd       data     extern C:\MCC18\SRC\TRADIT~1\PROC\p18f8680.asm
              CCP1CONbits   0x000fbd       data     extern C:\MCC18\SRC\TRADIT~1\PROC\p18f8680.asm
                   CCPR1L   0x000fbe       data     extern C:\MCC18\SRC\TRADIT~1\PROC\p18f8680.asm
                    CCPR1   0x000fbe       data     extern C:\MCC18\SRC\TRADIT~1\PROC\p18f8680.asm
                   CCPR1H   0x000fbf       data     extern C:\MCC18\SRC\TRADIT~1\PROC\p18f8680.asm
               ADCON2bits   0x000fc0       data     extern C:\MCC18\SRC\TRADIT~1\PROC\p18f8680.asm
                   ADCON2   0x000fc0       data     extern C:\MCC18\SRC\TRADIT~1\PROC\p18f8680.asm
               ADCON1bits   0x000fc1       data     extern C:\MCC18\SRC\TRADIT~1\PROC\p18f8680.asm
                   ADCON1   0x000fc1       data     extern C:\MCC18\SRC\TRADIT~1\PROC\p18f8680.asm
               ADCON0bits   0x000fc2       data     extern C:\MCC18\SRC\TRADIT~1\PROC\p18f8680.asm
                   ADCON0   0x000fc2       data     extern C:\MCC18\SRC\TRADIT~1\PROC\p18f8680.asm
                   ADRESL   0x000fc3       data     extern C:\MCC18\SRC\TRADIT~1\PROC\p18f8680.asm
                    ADRES   0x000fc3       data     extern C:\MCC18\SRC\TRADIT~1\PROC\p18f8680.asm
                   ADRESH   0x000fc4       data     extern C:\MCC18\SRC\TRADIT~1\PROC\p18f8680.asm
                  SSPCON2   0x000fc5       data     extern C:\MCC18\SRC\TRADIT~1\PROC\p18f8680.asm
              SSPCON2bits   0x000fc5       data     extern C:\MCC18\SRC\TRADIT~1\PROC\p18f8680.asm
              SSPCON1bits   0x000fc6       data     extern C:\MCC18\SRC\TRADIT~1\PROC\p18f8680.asm
                  SSPCON1   0x000fc6       data     extern C:\MCC18\SRC\TRADIT~1\PROC\p18f8680.asm
                  SSPSTAT   0x000fc7       data     extern C:\MCC18\SRC\TRADIT~1\PROC\p18f8680.asm
              SSPSTATbits   0x000fc7       data     extern C:\MCC18\SRC\TRADIT~1\PROC\p18f8680.asm
                   SSPADD   0x000fc8       data     extern C:\MCC18\SRC\TRADIT~1\PROC\p18f8680.asm
                   SSPBUF   0x000fc9       data     extern C:\MCC18\SRC\TRADIT~1\PROC\p18f8680.asm
                T2CONbits   0x000fca       data     extern C:\MCC18\SRC\TRADIT~1\PROC\p18f8680.asm
                    T2CON   0x000fca       data     extern C:\MCC18\SRC\TRADIT~1\PROC\p18f8680.asm
                      PR2   0x000fcb       data     extern C:\MCC18\SRC\TRADIT~1\PROC\p18f8680.asm
                     TMR2   0x000fcc       data     extern C:\MCC18\SRC\TRADIT~1\PROC\p18f8680.asm
                    T1CON   0x000fcd       data     extern C:\MCC18\SRC\TRADIT~1\PROC\p18f8680.asm
                T1CONbits   0x000fcd       data     extern C:\MCC18\SRC\TRADIT~1\PROC\p18f8680.asm
                    TMR1L   0x000fce       data     extern C:\MCC18\SRC\TRADIT~1\PROC\p18f8680.asm
                    TMR1H   0x000fcf       data     extern C:\MCC18\SRC\TRADIT~1\PROC\p18f8680.asm
                     RCON   0x000fd0       data     extern C:\MCC18\SRC\TRADIT~1\PROC\p18f8680.asm
                 RCONbits   0x000fd0       data     extern C:\MCC18\SRC\TRADIT~1\PROC\p18f8680.asm
                   WDTCON   0x000fd1       data     extern C:\MCC18\SRC\TRADIT~1\PROC\p18f8680.asm
               WDTCONbits   0x000fd1       data     extern C:\MCC18\SRC\TRADIT~1\PROC\p18f8680.asm
                   LVDCON   0x000fd2       data     extern C:\MCC18\SRC\TRADIT~1\PROC\p18f8680.asm
               LVDCONbits   0x000fd2       data     extern C:\MCC18\SRC\TRADIT~1\PROC\p18f8680.asm
                   OSCCON   0x000fd3       data     extern C:\MCC18\SRC\TRADIT~1\PROC\p18f8680.asm
               OSCCONbits   0x000fd3       data     extern C:\MCC18\SRC\TRADIT~1\PROC\p18f8680.asm
                T0CONbits   0x000fd5       data     extern C:\MCC18\SRC\TRADIT~1\PROC\p18f8680.asm
                    T0CON   0x000fd5       data     extern C:\MCC18\SRC\TRADIT~1\PROC\p18f8680.asm
                    TMR0L   0x000fd6       data     extern C:\MCC18\SRC\TRADIT~1\PROC\p18f8680.asm
                    TMR0H   0x000fd7       data     extern C:\MCC18\SRC\TRADIT~1\PROC\p18f8680.asm
               STATUSbits   0x000fd8       data     extern C:\MCC18\SRC\TRADIT~1\PROC\p18f8680.asm
                   STATUS   0x000fd8       data     extern C:\MCC18\SRC\TRADIT~1\PROC\p18f8680.asm
                    FSR2L   0x000fd9       data     extern C:\MCC18\SRC\TRADIT~1\PROC\p18f8680.asm
                     FSR2   0x000fd9       data     extern C:\MCC18\SRC\TRADIT~1\PROC\p18f8680.asm
                    FSR2H   0x000fda       data     extern C:\MCC18\SRC\TRADIT~1\PROC\p18f8680.asm
                   PLUSW2   0x000fdb       data     extern C:\MCC18\SRC\TRADIT~1\PROC\p18f8680.asm
                  PREINC2   0x000fdc       data     extern C:\MCC18\SRC\TRADIT~1\PROC\p18f8680.asm
                 POSTDEC2   0x000fdd       data     extern C:\MCC18\SRC\TRADIT~1\PROC\p18f8680.asm
                 POSTINC2   0x000fde       data     extern C:\MCC18\SRC\TRADIT~1\PROC\p18f8680.asm
                    INDF2   0x000fdf       data     extern C:\MCC18\SRC\TRADIT~1\PROC\p18f8680.asm
                      BSR   0x000fe0       data     extern C:\MCC18\SRC\TRADIT~1\PROC\p18f8680.asm
                    FSR1L   0x000fe1       data     extern C:\MCC18\SRC\TRADIT~1\PROC\p18f8680.asm
                     FSR1   0x000fe1       data     extern C:\MCC18\SRC\TRADIT~1\PROC\p18f8680.asm
                    FSR1H   0x000fe2       data     extern C:\MCC18\SRC\TRADIT~1\PROC\p18f8680.asm
                   PLUSW1   0x000fe3       data     extern C:\MCC18\SRC\TRADIT~1\PROC\p18f8680.asm
                  PREINC1   0x000fe4       data     extern C:\MCC18\SRC\TRADIT~1\PROC\p18f8680.asm
                 POSTDEC1   0x000fe5       data     extern C:\MCC18\SRC\TRADIT~1\PROC\p18f8680.asm
                 POSTINC1   0x000fe6       data     extern C:\MCC18\SRC\TRADIT~1\PROC\p18f8680.asm
                    INDF1   0x000fe7       data     extern C:\MCC18\SRC\TRADIT~1\PROC\p18f8680.asm
                     WREG   0x000fe8       data     extern C:\MCC18\SRC\TRADIT~1\PROC\p18f8680.asm
                     FSR0   0x000fe9       data     extern C:\MCC18\SRC\TRADIT~1\PROC\p18f8680.asm
                    FSR0L   0x000fe9       data     extern C:\MCC18\SRC\TRADIT~1\PROC\p18f8680.asm
                    FSR0H   0x000fea       data     extern C:\MCC18\SRC\TRADIT~1\PROC\p18f8680.asm
                   PLUSW0   0x000feb       data     extern C:\MCC18\SRC\TRADIT~1\PROC\p18f8680.asm
                  PREINC0   0x000fec       data     extern C:\MCC18\SRC\TRADIT~1\PROC\p18f8680.asm
                 POSTDEC0   0x000fed       data     extern C:\MCC18\SRC\TRADIT~1\PROC\p18f8680.asm
                 POSTINC0   0x000fee       data     extern C:\MCC18\SRC\TRADIT~1\PROC\p18f8680.asm
                    INDF0   0x000fef       data     extern C:\MCC18\SRC\TRADIT~1\PROC\p18f8680.asm
              INTCON3bits   0x000ff0       data     extern C:\MCC18\SRC\TRADIT~1\PROC\p18f8680.asm
                  INTCON3   0x000ff0       data     extern C:\MCC18\SRC\TRADIT~1\PROC\p18f8680.asm
              INTCON2bits   0x000ff1       data     extern C:\MCC18\SRC\TRADIT~1\PROC\p18f8680.asm
                  INTCON2   0x000ff1       data     extern C:\MCC18\SRC\TRADIT~1\PROC\p18f8680.asm
                   INTCON   0x000ff2       data     extern C:\MCC18\SRC\TRADIT~1\PROC\p18f8680.asm
               INTCONbits   0x000ff2       data     extern C:\MCC18\SRC\TRADIT~1\PROC\p18f8680.asm
                     PROD   0x000ff3       data     extern C:\MCC18\SRC\TRADIT~1\PROC\p18f8680.asm
                    PRODL   0x000ff3       data     extern C:\MCC18\SRC\TRADIT~1\PROC\p18f8680.asm
                    PRODH   0x000ff4       data     extern C:\MCC18\SRC\TRADIT~1\PROC\p18f8680.asm
                   TABLAT   0x000ff5       data     extern C:\MCC18\SRC\TRADIT~1\PROC\p18f8680.asm
                   TBLPTR   0x000ff6       data     extern C:\MCC18\SRC\TRADIT~1\PROC\p18f8680.asm
                  TBLPTRL   0x000ff6       data     extern C:\MCC18\SRC\TRADIT~1\PROC\p18f8680.asm
                  TBLPTRH   0x000ff7       data     extern C:\MCC18\SRC\TRADIT~1\PROC\p18f8680.asm
                  TBLPTRU   0x000ff8       data     extern C:\MCC18\SRC\TRADIT~1\PROC\p18f8680.asm
                       PC   0x000ff9       data     extern C:\MCC18\SRC\TRADIT~1\PROC\p18f8680.asm
                      PCL   0x000ff9       data     extern C:\MCC18\SRC\TRADIT~1\PROC\p18f8680.asm
                   PCLATH   0x000ffa       data     extern C:\MCC18\SRC\TRADIT~1\PROC\p18f8680.asm
                   PCLATU   0x000ffb       data     extern C:\MCC18\SRC\TRADIT~1\PROC\p18f8680.asm
                   STKPTR   0x000ffc       data     extern C:\MCC18\SRC\TRADIT~1\PROC\p18f8680.asm
               STKPTRbits   0x000ffc       data     extern C:\MCC18\SRC\TRADIT~1\PROC\p18f8680.asm
                      TOS   0x000ffd       data     extern C:\MCC18\SRC\TRADIT~1\PROC\p18f8680.asm
                     TOSL   0x000ffd       data     extern C:\MCC18\SRC\TRADIT~1\PROC\p18f8680.asm
                     TOSH   0x000ffe       data     extern C:\MCC18\SRC\TRADIT~1\PROC\p18f8680.asm
                     TOSU   0x000fff       data     extern C:\MCC18\SRC\TRADIT~1\PROC\p18f8680.asm


